Archive member included to satisfy reference by file (symbol)

.pio/build/generic_f072rb/libFrameworkArduino.a(Print.cpp.o)
                              .pio/build/generic_f072rb/src/main.cpp.o (Print::print(char const*))
.pio/build/generic_f072rb/libFrameworkArduino.a(USBSerial.cpp.o)
                              .pio/build/generic_f072rb/src/main.cpp.o (USBSerial::begin(unsigned long))
.pio/build/generic_f072rb/libFrameworkArduino.a(WMath.cpp.o)
                              .pio/build/generic_f072rb/src/main.cpp.o (map(long, long, long, long, long))
.pio/build/generic_f072rb/libFrameworkArduino.a(abi.cpp.o)
                              .pio/build/generic_f072rb/libFrameworkArduino.a(Print.cpp.o) (__cxa_pure_virtual)
.pio/build/generic_f072rb/libFrameworkArduino.a(main.cpp.o)
                              c:/users/bashi/.platformio/packages/toolchain-gccarmnoneeabi@1.100301.220327/bin/../lib/gcc/arm-none-eabi/10.3.1/../../../../arm-none-eabi/lib/thumb/v6-m/nofp/crt0.o (main)
.pio/build/generic_f072rb/libFrameworkArduino.a(startup_stm32yyxx.S.o)
                              (Reset_Handler)
.pio/build/generic_f072rb/libFrameworkArduino.a(cdc_queue.c.o)
                              .pio/build/generic_f072rb/libFrameworkArduino.a(USBSerial.cpp.o) (CDC_TransmitQueue_WriteSize)
.pio/build/generic_f072rb/libFrameworkArduino.a(usbd_cdc_if.c.o)
                              .pio/build/generic_f072rb/libFrameworkArduino.a(USBSerial.cpp.o) (TransmitQueue)
.pio/build/generic_f072rb/libFrameworkArduino.a(usb_device_core.c.o)
                              .pio/build/generic_f072rb/libFrameworkArduino.a(usbd_cdc_if.c.o) (USBD_Init)
.pio/build/generic_f072rb/libFrameworkArduino.a(usb_device_ctlreq.c.o)
                              .pio/build/generic_f072rb/libFrameworkArduino.a(usb_device_core.c.o) (USBD_StdDevReq)
.pio/build/generic_f072rb/libFrameworkArduino.a(usb_device_ioreq.c.o)
                              .pio/build/generic_f072rb/libFrameworkArduino.a(usb_device_ctlreq.c.o) (USBD_CtlSendData)
.pio/build/generic_f072rb/libFrameworkArduino.a(usbd_conf.c.o)
                              .pio/build/generic_f072rb/libFrameworkArduino.a(usb_device_core.c.o) (USBD_LL_Init)
.pio/build/generic_f072rb/libFrameworkArduino.a(usbd_desc.c.o)
                              .pio/build/generic_f072rb/libFrameworkArduino.a(usbd_cdc_if.c.o) (USBD_Desc)
.pio/build/generic_f072rb/libFrameworkArduino.a(usbd_ep_conf.c.o)
                              .pio/build/generic_f072rb/libFrameworkArduino.a(usbd_conf.c.o) (ep_def)
.pio/build/generic_f072rb/libFrameworkArduino.a(usbd_if.c.o)
                              .pio/build/generic_f072rb/libFrameworkArduino.a(usbd_conf.c.o) (USBD_reenumerate)
.pio/build/generic_f072rb/libFrameworkArduino.a(wiring_analog.c.o)
                              .pio/build/generic_f072rb/src/main.cpp.o (analogReadResolution)
.pio/build/generic_f072rb/libFrameworkArduino.a(wiring_digital.c.o)
                              .pio/build/generic_f072rb/src/main.cpp.o (pinMode)
.pio/build/generic_f072rb/libFrameworkArduino.a(wiring_time.c.o)
                              .pio/build/generic_f072rb/libFrameworkArduino.a(USBSerial.cpp.o) (millis)
.pio/build/generic_f072rb/libFrameworkArduino.a(WSerial.cpp.o)
                              .pio/build/generic_f072rb/libFrameworkArduino.a(main.cpp.o) (serialEventRun())
.pio/build/generic_f072rb/libFrameworkArduino.a(board.c.o)
                              .pio/build/generic_f072rb/libFrameworkArduino.a(main.cpp.o) (init)
.pio/build/generic_f072rb/libFrameworkArduino.a(hooks.c.o)
                              .pio/build/generic_f072rb/libFrameworkArduino.a(wiring_time.c.o) (yield)
.pio/build/generic_f072rb/libFrameworkArduino.a(pins_arduino.c.o)
                              .pio/build/generic_f072rb/libFrameworkArduino.a(wiring_analog.c.o) (analogInputToPinName)
.pio/build/generic_f072rb/libFrameworkArduino.a(usbd_cdc.c.o)
                              .pio/build/generic_f072rb/libFrameworkArduino.a(usbd_cdc_if.c.o) (USBD_CDC_RegisterInterface)
.pio/build/generic_f072rb/libFrameworkArduino.a(HardwareSerial.cpp.o)
                              .pio/build/generic_f072rb/libFrameworkArduino.a(WSerial.cpp.o) (HardwareSerial::available())
.pio/build/generic_f072rb/libFrameworkArduino.a(Stream.cpp.o)
                              .pio/build/generic_f072rb/libFrameworkArduino.a(HardwareSerial.cpp.o) (Stream::readBytes(char*, unsigned int))
.pio/build/generic_f072rb/libFrameworkArduino.a(WString.cpp.o)
                              .pio/build/generic_f072rb/libFrameworkArduino.a(Stream.cpp.o) (String::String(char const*))
.pio/build/generic_f072rb/libFrameworkArduino.a(dtostrf.c.o)
                              .pio/build/generic_f072rb/libFrameworkArduino.a(WString.cpp.o) (dtostrf)
.pio/build/generic_f072rb/libFrameworkArduino.a(itoa.c.o)
                              .pio/build/generic_f072rb/libFrameworkArduino.a(WString.cpp.o) (ltoa)
[...]
Memory Configuration

Name             Origin             Length             Attributes
*default*        0x0000000000000000 0xffffffffffffffff
RAM              0x0000000020000000 0x0000000000004000 xrw
FLASH            0x0000000008000000 0x0000000000020000 xr

Linker script and memory map

                0x0000000020004000                _estack = (ORIGIN (RAM) + LENGTH (RAM))
                0x0000000000000200                _Min_Heap_Size = 0x200
                0x0000000000000400                _Min_Stack_Size = 0x400

.isr_vector     0x0000000008000000       0xc0
                0x0000000008000000                . = ALIGN (0x4)
 *(.isr_vector)
 .isr_vector    0x0000000008000000       0xc0 .pio/build/generic_f072rb/libFrameworkArduino.a(startup_stm32yyxx.S.o)
                0x0000000008000000                g_pfnVectors
                0x00000000080000c0                . = ALIGN (0x4)

.text           0x00000000080000c0     0xa0b4
                0x00000000080000c0                . = ALIGN (0x4)
 *(.text)
 .text          0x00000000080000c0       0x14 c:/users/bashi/.platformio/packages/toolchain-gccarmnoneeabi@1.100301.220327/bin/../lib/gcc/arm-none-eabi/10.3.1/thumb/v6-m/nofp\libgcc.a(_thumb1_case_sqi.o)
                0x00000000080000c0                __gnu_thumb1_case_sqi
 .text          0x00000000080000d4       0x14 c:/users/bashi/.platformio/packages/toolchain-gccarmnoneeabi@1.100301.220327/bin/../lib/gcc/arm-none-eabi/10.3.1/thumb/v6-m/nofp\libgcc.a(_thumb1_case_uqi.o)
                0x00000000080000d4                __gnu_thumb1_case_uqi
 .text          0x00000000080000e8       0x14 c:/users/bashi/.platformio/packages/toolchain-gccarmnoneeabi@1.100301.220327/bin/../lib/gcc/arm-none-eabi/10.3.1/thumb/v6-m/nofp\libgcc.a(_thumb1_case_uhi.o)
                0x00000000080000e8                __gnu_thumb1_case_uhi
 .text          0x00000000080000fc      0x114 c:/users/bashi/.platformio/packages/toolchain-gccarmnoneeabi@1.100301.220327/bin/../lib/gcc/arm-none-eabi/10.3.1/thumb/v6-m/nofp\libgcc.a(_udivsi3.o)
                0x00000000080000fc                __aeabi_uidiv
                0x00000000080000fc                __udivsi3
                0x0000000008000208                __aeabi_uidivmod
 .text          0x0000000008000210      0x1d4 c:/users/bashi/.platformio/packages/toolchain-gccarmnoneeabi@1.100301.220327/bin/../lib/gcc/arm-none-eabi/10.3.1/thumb/v6-m/nofp\libgcc.a(_divsi3.o)
                0x0000000008000210                __divsi3
                0x0000000008000210                __aeabi_idiv
                0x00000000080003dc                __aeabi_idivmod
 .text          0x00000000080003e4        0x4 c:/users/bashi/.platformio/packages/toolchain-gccarmnoneeabi@1.100301.220327/bin/../lib/gcc/arm-none-eabi/10.3.1/thumb/v6-m/nofp\libgcc.a(_dvmd_tls.o)
                0x00000000080003e4                __aeabi_idiv0
                0x00000000080003e4                __aeabi_ldiv0
 .text          0x00000000080003e8       0x7c c:/users/bashi/.platformio/packages/toolchain-gccarmnoneeabi@1.100301.220327/bin/../lib/gcc/arm-none-eabi/10.3.1/thumb/v6-m/nofp\libgcc.a(_arm_cmpdf2.o)
                0x00000000080003e8                __aeabi_cdrcmple
                0x00000000080003f8                __aeabi_cdcmple
                0x00000000080003f8                __aeabi_cdcmpeq
                0x0000000008000408                __aeabi_dcmpeq
                0x0000000008000414                __aeabi_dcmplt
                0x0000000008000428                __aeabi_dcmple
                0x000000000800043c                __aeabi_dcmpgt
                0x0000000008000450                __aeabi_dcmpge
 .text          0x0000000008000464       0x74 c:/users/bashi/.platformio/packages/toolchain-gccarmnoneeabi@1.100301.220327/bin/../lib/gcc/arm-none-eabi/10.3.1/thumb/v6-m/nofp\libgcc.a(_arm_cmpsf2.o)
                0x0000000008000464                __aeabi_cfrcmple
                0x000000000800046c                __aeabi_cfcmpeq
                0x000000000800046c                __aeabi_cfcmple
                0x000000000800047c                __aeabi_fcmpeq
                0x0000000008000488                __aeabi_fcmplt
                0x000000000800049c                __aeabi_fcmple
                0x00000000080004b0                __aeabi_fcmpgt
                0x00000000080004c4                __aeabi_fcmpge
 .text          0x00000000080004d8       0x3c c:/users/bashi/.platformio/packages/toolchain-gccarmnoneeabi@1.100301.220327/bin/../lib/gcc/arm-none-eabi/10.3.1/thumb/v6-m/nofp\libgcc.a(_clzsi2.o)
                0x00000000080004d8                __clzsi2
 .text          0x0000000008000514        0xe c:/users/bashi/.platformio/packages/toolchain-gccarmnoneeabi@1.100301.220327/bin/../lib/gcc/arm-none-eabi/10.3.1/../../../../arm-none-eabi/lib/thumb/v6-m/nofp\libc_nano.a(lib_a-strlen.o)
                0x0000000008000514                strlen
 *(.text*)
 *fill*         0x0000000008000522        0x2 
 .text.__do_global_dtors_aux
                0x0000000008000524       0x28 c:/users/bashi/.platformio/packages/toolchain-gccarmnoneeabi@1.100301.220327/bin/../lib/gcc/arm-none-eabi/10.3.1/thumb/v6-m/nofp/crtbegin.o
 .text.frame_dummy
                0x000000000800054c       0x20 c:/users/bashi/.platformio/packages/toolchain-gccarmnoneeabi@1.100301.220327/bin/../lib/gcc/arm-none-eabi/10.3.1/thumb/v6-m/nofp/crtbegin.o
 .text.HAL_MspInit
                0x000000000800056c        0x2 .pio/build/generic_f072rb/SrcWrapper/src/HAL/stm32yyxx_hal.c.o
                0x000000000800056c                HAL_MspInit
 *fill*         0x000000000800056e        0x2 
 .text.HAL_InitTick
                0x0000000008000570       0x48 .pio/build/generic_f072rb/SrcWrapper/src/HAL/stm32yyxx_hal.c.o
                0x0000000008000570                HAL_InitTick
 .text.HAL_Init
                0x00000000080005b8       0x20 .pio/build/generic_f072rb/SrcWrapper/src/HAL/stm32yyxx_hal.c.o
                0x00000000080005b8                HAL_Init
 .text.HAL_IncTick
                0x00000000080005d8       0x18 .pio/build/generic_f072rb/SrcWrapper/src/HAL/stm32yyxx_hal.c.o
                0x00000000080005d8                HAL_IncTick
 .text.HAL_GetTick
                0x00000000080005f0        0xc .pio/build/generic_f072rb/SrcWrapper/src/HAL/stm32yyxx_hal.c.o
                0x00000000080005f0                HAL_GetTick
 .text.ADC_Disable
                0x00000000080005fc       0x7a .pio/build/generic_f072rb/SrcWrapper/src/HAL/stm32yyxx_hal_adc.c.o
 *fill*         0x0000000008000676        0x2 
 .text.ADC_Enable
                0x0000000008000678       0xa0 .pio/build/generic_f072rb/SrcWrapper/src/HAL/stm32yyxx_hal_adc.c.o
 .text.ADC_ConversionStop
                0x0000000008000718       0x5a .pio/build/generic_f072rb/SrcWrapper/src/HAL/stm32yyxx_hal_adc.c.o
 *fill*         0x0000000008000772        0x2 
 .text.HAL_ADC_Init
                0x0000000008000774      0x150 .pio/build/generic_f072rb/SrcWrapper/src/HAL/stm32yyxx_hal_adc.c.o
                0x0000000008000774                HAL_ADC_Init
 .text.HAL_ADC_DeInit
                0x00000000080008c4       0x98 .pio/build/generic_f072rb/SrcWrapper/src/HAL/stm32yyxx_hal_adc.c.o
                0x00000000080008c4                HAL_ADC_DeInit
 .text.HAL_ADC_Start
                0x000000000800095c       0x58 .pio/build/generic_f072rb/SrcWrapper/src/HAL/stm32yyxx_hal_adc.c.o
                0x000000000800095c                HAL_ADC_Start
 .text.HAL_ADC_Stop
                0x00000000080009b4       0x3c .pio/build/generic_f072rb/SrcWrapper/src/HAL/stm32yyxx_hal_adc.c.o
                0x00000000080009b4                HAL_ADC_Stop
 .text.HAL_ADC_PollForConversion
                0x00000000080009f0       0xc8 .pio/build/generic_f072rb/SrcWrapper/src/HAL/stm32yyxx_hal_adc.c.o
                0x00000000080009f0                HAL_ADC_PollForConversion
 .text.HAL_ADC_GetValue
                0x0000000008000ab8        0x6 .pio/build/generic_f072rb/SrcWrapper/src/HAL/stm32yyxx_hal_adc.c.o
                0x0000000008000ab8                HAL_ADC_GetValue
 *fill*         0x0000000008000abe        0x2 
 .text.HAL_ADC_ConfigChannel
                0x0000000008000ac0      0x10c .pio/build/generic_f072rb/SrcWrapper/src/HAL/stm32yyxx_hal_adc.c.o
                0x0000000008000ac0                HAL_ADC_ConfigChannel
 .text.HAL_ADC_GetState
                0x0000000008000bcc        0x4 .pio/build/generic_f072rb/SrcWrapper/src/HAL/stm32yyxx_hal_adc.c.o
                0x0000000008000bcc                HAL_ADC_GetState
 .text.HAL_ADCEx_Calibration_Start
                0x0000000008000bd0       0xb0 .pio/build/generic_f072rb/SrcWrapper/src/HAL/stm32yyxx_hal_adc_ex.c.o
                0x0000000008000bd0                HAL_ADCEx_Calibration_Start
 .text.HAL_NVIC_SetPriority
                0x0000000008000c80       0x54 .pio/build/generic_f072rb/SrcWrapper/src/HAL/stm32yyxx_hal_cortex.c.o
                0x0000000008000c80                HAL_NVIC_SetPriority
 .text.HAL_NVIC_EnableIRQ
                0x0000000008000cd4       0x18 .pio/build/generic_f072rb/SrcWrapper/src/HAL/stm32yyxx_hal_cortex.c.o
                0x0000000008000cd4                HAL_NVIC_EnableIRQ
 .text.HAL_NVIC_DisableIRQ
                0x0000000008000cec       0x20 .pio/build/generic_f072rb/SrcWrapper/src/HAL/stm32yyxx_hal_cortex.c.o
                0x0000000008000cec                HAL_NVIC_DisableIRQ
 .text.HAL_SYSTICK_Config
                0x0000000008000d0c       0x34 .pio/build/generic_f072rb/SrcWrapper/src/HAL/stm32yyxx_hal_cortex.c.o
                0x0000000008000d0c                HAL_SYSTICK_Config
 .text.HAL_NVIC_ClearPendingIRQ
                0x0000000008000d40       0x1c .pio/build/generic_f072rb/SrcWrapper/src/HAL/stm32yyxx_hal_cortex.c.o
                0x0000000008000d40                HAL_NVIC_ClearPendingIRQ
 .text.HAL_SYSTICK_Callback
                0x0000000008000d5c        0x2 .pio/build/generic_f072rb/SrcWrapper/src/HAL/stm32yyxx_hal_cortex.c.o
                0x0000000008000d5c                HAL_SYSTICK_Callback
 .text.HAL_SYSTICK_IRQHandler
                0x0000000008000d5e        0x8 .pio/build/generic_f072rb/SrcWrapper/src/HAL/stm32yyxx_hal_cortex.c.o
                0x0000000008000d5e                HAL_SYSTICK_IRQHandler
 .text.HAL_CRC_MspInit
                0x0000000008000d66        0x2 .pio/build/generic_f072rb/SrcWrapper/src/HAL/stm32yyxx_hal_crc.c.o
                0x0000000008000d66                HAL_CRC_MspInit
 .text.HAL_CRC_Init
                0x0000000008000d68       0x74 .pio/build/generic_f072rb/SrcWrapper/src/HAL/stm32yyxx_hal_crc.c.o
                0x0000000008000d68                HAL_CRC_Init
 .text.HAL_CRCEx_Polynomial_Set
                0x0000000008000ddc       0x5e .pio/build/generic_f072rb/SrcWrapper/src/HAL/stm32yyxx_hal_crc_ex.c.o
                0x0000000008000ddc                HAL_CRCEx_Polynomial_Set
 .text.HAL_DAC_DeInit
                0x0000000008000e3a       0x1e .pio/build/generic_f072rb/SrcWrapper/src/HAL/stm32yyxx_hal_dac.c.o
                0x0000000008000e3a                HAL_DAC_DeInit
 .text.HAL_DAC_Stop
                0x0000000008000e58       0x16 .pio/build/generic_f072rb/SrcWrapper/src/HAL/stm32yyxx_hal_dac.c.o
                0x0000000008000e58                HAL_DAC_Stop
 .text.HAL_DMA_Abort
                0x0000000008000e6e       0x3c .pio/build/generic_f072rb/SrcWrapper/src/HAL/stm32yyxx_hal_dma.c.o
                0x0000000008000e6e                HAL_DMA_Abort
 .text.HAL_DMA_Abort_IT
                0x0000000008000eaa       0x46 .pio/build/generic_f072rb/SrcWrapper/src/HAL/stm32yyxx_hal_dma.c.o
                0x0000000008000eaa                HAL_DMA_Abort_IT
 .text.HAL_GPIO_Init
                0x0000000008000ef0      0x188 .pio/build/generic_f072rb/SrcWrapper/src/HAL/stm32yyxx_hal_gpio.c.o
                0x0000000008000ef0                HAL_GPIO_Init
 .text.HAL_GPIO_EXTI_IRQHandler
                0x0000000008001078       0x18 .pio/build/generic_f072rb/SrcWrapper/src/HAL/stm32yyxx_hal_gpio.c.o
                0x0000000008001078                HAL_GPIO_EXTI_IRQHandler
 .text.HAL_PCD_Init
                0x0000000008001090       0xd4 .pio/build/generic_f072rb/SrcWrapper/src/HAL/stm32yyxx_hal_pcd.c.o
                0x0000000008001090                HAL_PCD_Init
 .text.HAL_PCD_Start
                0x0000000008001164       0x26 .pio/build/generic_f072rb/SrcWrapper/src/HAL/stm32yyxx_hal_pcd.c.o
                0x0000000008001164                HAL_PCD_Start
 .text.HAL_PCD_SetAddress
                0x000000000800118a       0x24 .pio/build/generic_f072rb/SrcWrapper/src/HAL/stm32yyxx_hal_pcd.c.o
                0x000000000800118a                HAL_PCD_SetAddress
 *fill*         0x00000000080011ae        0x2 
 .text.HAL_PCD_IRQHandler
                0x00000000080011b0      0x9bc .pio/build/generic_f072rb/SrcWrapper/src/HAL/stm32yyxx_hal_pcd.c.o
                0x00000000080011b0                HAL_PCD_IRQHandler
 .text.HAL_PCD_EP_Open
                0x0000000008001b6c       0x5c .pio/build/generic_f072rb/SrcWrapper/src/HAL/stm32yyxx_hal_pcd.c.o
                0x0000000008001b6c                HAL_PCD_EP_Open
 .text.HAL_PCD_EP_Close
                0x0000000008001bc8       0x50 .pio/build/generic_f072rb/SrcWrapper/src/HAL/stm32yyxx_hal_pcd.c.o
                0x0000000008001bc8                HAL_PCD_EP_Close
 .text.HAL_PCD_EP_Receive
                0x0000000008001c18       0x42 .pio/build/generic_f072rb/SrcWrapper/src/HAL/stm32yyxx_hal_pcd.c.o
                0x0000000008001c18                HAL_PCD_EP_Receive
 .text.HAL_PCD_EP_GetRxCount
                0x0000000008001c5a       0x12 .pio/build/generic_f072rb/SrcWrapper/src/HAL/stm32yyxx_hal_pcd.c.o
                0x0000000008001c5a                HAL_PCD_EP_GetRxCount
 .text.HAL_PCD_EP_Transmit
                0x0000000008001c6c       0x3a .pio/build/generic_f072rb/SrcWrapper/src/HAL/stm32yyxx_hal_pcd.c.o
                0x0000000008001c6c                HAL_PCD_EP_Transmit
 .text.HAL_PCD_EP_SetStall
                0x0000000008001ca6       0x5a .pio/build/generic_f072rb/SrcWrapper/src/HAL/stm32yyxx_hal_pcd.c.o
                0x0000000008001ca6                HAL_PCD_EP_SetStall
 .text.HAL_PCD_EP_ClrStall
                0x0000000008001d00       0x60 .pio/build/generic_f072rb/SrcWrapper/src/HAL/stm32yyxx_hal_pcd.c.o
                0x0000000008001d00                HAL_PCD_EP_ClrStall
 .text.HAL_PCDEx_PMAConfig
                0x0000000008001d60       0x34 .pio/build/generic_f072rb/SrcWrapper/src/HAL/stm32yyxx_hal_pcd_ex.c.o
                0x0000000008001d60                HAL_PCDEx_PMAConfig
 .text.HAL_PCDEx_ActivateLPM
                0x0000000008001d94       0x28 .pio/build/generic_f072rb/SrcWrapper/src/HAL/stm32yyxx_hal_pcd_ex.c.o
                0x0000000008001d94                HAL_PCDEx_ActivateLPM
 .text.HAL_PCDEx_LPM_Callback
                0x0000000008001dbc        0x2 .pio/build/generic_f072rb/SrcWrapper/src/HAL/stm32yyxx_hal_pcd_ex.c.o
                0x0000000008001dbc                HAL_PCDEx_LPM_Callback
 *fill*         0x0000000008001dbe        0x2 
 .text.HAL_RCC_OscConfig
                0x0000000008001dc0      0x4a4 .pio/build/generic_f072rb/SrcWrapper/src/HAL/stm32yyxx_hal_rcc.c.o
                0x0000000008001dc0                HAL_RCC_OscConfig
 .text.HAL_RCC_GetSysClockFreq
                0x0000000008002264       0x6c .pio/build/generic_f072rb/SrcWrapper/src/HAL/stm32yyxx_hal_rcc.c.o
                0x0000000008002264                HAL_RCC_GetSysClockFreq
 .text.HAL_RCC_ClockConfig
                0x00000000080022d0      0x114 .pio/build/generic_f072rb/SrcWrapper/src/HAL/stm32yyxx_hal_rcc.c.o
                0x00000000080022d0                HAL_RCC_ClockConfig
 .text.HAL_RCCEx_PeriphCLKConfig
                0x00000000080023e4      0x144 .pio/build/generic_f072rb/SrcWrapper/src/HAL/stm32yyxx_hal_rcc_ex.c.o
                0x00000000080023e4                HAL_RCCEx_PeriphCLKConfig
 .text.TIM_OC1_SetConfig
                0x0000000008002528       0x88 .pio/build/generic_f072rb/SrcWrapper/src/HAL/stm32yyxx_hal_tim.c.o
 .text.TIM_OC3_SetConfig
                0x00000000080025b0       0x88 .pio/build/generic_f072rb/SrcWrapper/src/HAL/stm32yyxx_hal_tim.c.o
 .text.TIM_OC4_SetConfig
                0x0000000008002638       0x74 .pio/build/generic_f072rb/SrcWrapper/src/HAL/stm32yyxx_hal_tim.c.o
 .text.HAL_TIM_PWM_MspInit
                0x00000000080026ac        0x2 .pio/build/generic_f072rb/SrcWrapper/src/HAL/stm32yyxx_hal_tim.c.o
                0x00000000080026ac                HAL_TIM_PWM_MspInit
 .text.HAL_TIM_PWM_PulseFinishedCallback
                0x00000000080026ae        0x2 .pio/build/generic_f072rb/SrcWrapper/src/HAL/stm32yyxx_hal_tim.c.o
                0x00000000080026ae                HAL_TIM_PWM_PulseFinishedCallback
 .text.HAL_TIM_TriggerCallback
                0x00000000080026b0        0x2 .pio/build/generic_f072rb/SrcWrapper/src/HAL/stm32yyxx_hal_tim.c.o
                0x00000000080026b0                HAL_TIM_TriggerCallback
 .text.HAL_TIM_IRQHandler
                0x00000000080026b2      0x148 .pio/build/generic_f072rb/SrcWrapper/src/HAL/stm32yyxx_hal_tim.c.o
                0x00000000080026b2                HAL_TIM_IRQHandler
 *fill*         0x00000000080027fa        0x2 
 .text.TIM_Base_SetConfig
                0x00000000080027fc       0xa0 .pio/build/generic_f072rb/SrcWrapper/src/HAL/stm32yyxx_hal_tim.c.o
                0x00000000080027fc                TIM_Base_SetConfig
 .text.HAL_TIM_Base_Init
                0x000000000800289c       0x50 .pio/build/generic_f072rb/SrcWrapper/src/HAL/stm32yyxx_hal_tim.c.o
                0x000000000800289c                HAL_TIM_Base_Init
 .text.HAL_TIM_PWM_Init
                0x00000000080028ec       0x50 .pio/build/generic_f072rb/SrcWrapper/src/HAL/stm32yyxx_hal_tim.c.o
                0x00000000080028ec                HAL_TIM_PWM_Init
 .text.TIM_OC2_SetConfig
                0x000000000800293c       0x80 .pio/build/generic_f072rb/SrcWrapper/src/HAL/stm32yyxx_hal_tim.c.o
                0x000000000800293c                TIM_OC2_SetConfig
 .text.HAL_TIM_PWM_ConfigChannel
                0x00000000080029bc       0xbc .pio/build/generic_f072rb/SrcWrapper/src/HAL/stm32yyxx_hal_tim.c.o
                0x00000000080029bc                HAL_TIM_PWM_ConfigChannel
 .text.TIM_ETR_SetConfig
                0x0000000008002a78       0x18 .pio/build/generic_f072rb/SrcWrapper/src/HAL/stm32yyxx_hal_tim.c.o
                0x0000000008002a78                TIM_ETR_SetConfig
 .text.HAL_TIM_ConfigClockSource
                0x0000000008002a90      0x14c .pio/build/generic_f072rb/SrcWrapper/src/HAL/stm32yyxx_hal_tim.c.o
                0x0000000008002a90                HAL_TIM_ConfigClockSource
 .text.TIM_CCxChannelCmd
                0x0000000008002bdc       0x1a .pio/build/generic_f072rb/SrcWrapper/src/HAL/stm32yyxx_hal_tim.c.o
                0x0000000008002bdc                TIM_CCxChannelCmd
 *fill*         0x0000000008002bf6        0x2 
 .text.HAL_TIM_OC_Start
                0x0000000008002bf8       0xc8 .pio/build/generic_f072rb/SrcWrapper/src/HAL/stm32yyxx_hal_tim.c.o
                0x0000000008002bf8                HAL_TIM_OC_Start
 .text.HAL_TIM_PWM_Start
                0x0000000008002cc0        0x8 .pio/build/generic_f072rb/SrcWrapper/src/HAL/stm32yyxx_hal_tim.c.o
                0x0000000008002cc0                HAL_TIM_PWM_Start
 .text.TIM_CCxNChannelCmd
                0x0000000008002cc8       0x1a .pio/build/generic_f072rb/SrcWrapper/src/HAL/stm32yyxx_hal_tim_ex.c.o
 *fill*         0x0000000008002ce2        0x2 
 .text.HAL_TIMEx_OCN_Start
                0x0000000008002ce4       0x8c .pio/build/generic_f072rb/SrcWrapper/src/HAL/stm32yyxx_hal_tim_ex.c.o
                0x0000000008002ce4                HAL_TIMEx_OCN_Start
 .text.HAL_TIMEx_PWMN_Start
                0x0000000008002d70        0x8 .pio/build/generic_f072rb/SrcWrapper/src/HAL/stm32yyxx_hal_tim_ex.c.o
                0x0000000008002d70                HAL_TIMEx_PWMN_Start
 .text.HAL_TIMEx_MasterConfigSynchronization
                0x0000000008002d78       0x64 .pio/build/generic_f072rb/SrcWrapper/src/HAL/stm32yyxx_hal_tim_ex.c.o
                0x0000000008002d78                HAL_TIMEx_MasterConfigSynchronization
 .text.HAL_TIMEx_ConfigBreakDeadTime
                0x0000000008002ddc       0x64 .pio/build/generic_f072rb/SrcWrapper/src/HAL/stm32yyxx_hal_tim_ex.c.o
                0x0000000008002ddc                HAL_TIMEx_ConfigBreakDeadTime
 .text.HAL_TIMEx_CommutCallback
                0x0000000008002e40        0x2 .pio/build/generic_f072rb/SrcWrapper/src/HAL/stm32yyxx_hal_tim_ex.c.o
                0x0000000008002e40                HAL_TIMEx_CommutCallback
 .text.HAL_TIMEx_BreakCallback
                0x0000000008002e42        0x2 .pio/build/generic_f072rb/SrcWrapper/src/HAL/stm32yyxx_hal_tim_ex.c.o
                0x0000000008002e42                HAL_TIMEx_BreakCallback
 .text.UART_EndRxTransfer
                0x0000000008002e44       0x5c .pio/build/generic_f072rb/SrcWrapper/src/HAL/stm32yyxx_hal_uart.c.o
 .text.UART_TxISR_8BIT.part.0
                0x0000000008002ea0       0x32 .pio/build/generic_f072rb/SrcWrapper/src/HAL/stm32yyxx_hal_uart.c.o
 .text.UART_TxISR_8BIT
                0x0000000008002ed2       0x2e .pio/build/generic_f072rb/SrcWrapper/src/HAL/stm32yyxx_hal_uart.c.o
 .text.UART_TxISR_16BIT
                0x0000000008002f00       0x32 .pio/build/generic_f072rb/SrcWrapper/src/HAL/stm32yyxx_hal_uart.c.o
 *fill*         0x0000000008002f32        0x2 
 .text.HAL_UART_Transmit_IT
                0x0000000008002f34       0x7c .pio/build/generic_f072rb/SrcWrapper/src/HAL/stm32yyxx_hal_uart.c.o
                0x0000000008002f34                HAL_UART_Transmit_IT
 .text.UART_DMAAbortOnError
                0x0000000008002fb0       0x16 .pio/build/generic_f072rb/SrcWrapper/src/HAL/stm32yyxx_hal_uart.c.o
 .text.HAL_UARTEx_RxEventCallback
                0x0000000008002fc6        0x2 .pio/build/generic_f072rb/SrcWrapper/src/HAL/stm32yyxx_hal_uart.c.o
                0x0000000008002fc6                HAL_UARTEx_RxEventCallback
 .text.HAL_UART_IRQHandler
                0x0000000008002fc8      0x2bc .pio/build/generic_f072rb/SrcWrapper/src/HAL/stm32yyxx_hal_uart.c.o
                0x0000000008002fc8                HAL_UART_IRQHandler
 .text.UART_RxISR_8BIT
                0x0000000008003284       0xd4 .pio/build/generic_f072rb/SrcWrapper/src/HAL/stm32yyxx_hal_uart.c.o
 .text.UART_RxISR_16BIT
                0x0000000008003358       0xd4 .pio/build/generic_f072rb/SrcWrapper/src/HAL/stm32yyxx_hal_uart.c.o
 .text.HAL_HalfDuplex_EnableTransmitter
                0x000000000800342c       0x4e .pio/build/generic_f072rb/SrcWrapper/src/HAL/stm32yyxx_hal_uart.c.o
                0x000000000800342c                HAL_HalfDuplex_EnableTransmitter
 .text.HAL_HalfDuplex_EnableReceiver
                0x000000000800347a       0x4e .pio/build/generic_f072rb/SrcWrapper/src/HAL/stm32yyxx_hal_uart.c.o
                0x000000000800347a                HAL_HalfDuplex_EnableReceiver
 .text.HAL_UART_GetState
                0x00000000080034c8        0xa .pio/build/generic_f072rb/SrcWrapper/src/HAL/stm32yyxx_hal_uart.c.o
                0x00000000080034c8                HAL_UART_GetState
 *fill*         0x00000000080034d2        0x2 
 .text.UART_Start_Receive_IT
                0x00000000080034d4       0xc8 .pio/build/generic_f072rb/SrcWrapper/src/HAL/stm32yyxx_hal_uart.c.o
                0x00000000080034d4                UART_Start_Receive_IT
 .text.HAL_UART_Receive_IT
                0x000000000800359c       0x5c .pio/build/generic_f072rb/SrcWrapper/src/HAL/stm32yyxx_hal_uart.c.o
                0x000000000800359c                HAL_UART_Receive_IT
 .text._ZNSt8functionIFvvEEaSEDn.isra.0
                0x00000000080035f8       0x18 .pio/build/generic_f072rb/SrcWrapper/src/HardwareTimer.cpp.o
 .text._ZNSt14_Function_baseD2Ev
                0x0000000008003610       0x14 .pio/build/generic_f072rb/SrcWrapper/src/HardwareTimer.cpp.o
                0x0000000008003610                std::_Function_base::~_Function_base()
                0x0000000008003610                std::_Function_base::~_Function_base()
 .text._Z15get_timer_indexP11TIM_TypeDef
                0x0000000008003624       0x80 .pio/build/generic_f072rb/SrcWrapper/src/HardwareTimer.cpp.o
                0x0000000008003624                get_timer_index(TIM_TypeDef*)
 .text._ZN13HardwareTimerD2Ev
                0x00000000080036a4       0x3c .pio/build/generic_f072rb/SrcWrapper/src/HardwareTimer.cpp.o
                0x00000000080036a4                HardwareTimer::~HardwareTimer()
                0x00000000080036a4                HardwareTimer::~HardwareTimer()
 .text._ZN13HardwareTimer5setupEP11TIM_TypeDef
                0x00000000080036e0       0x90 .pio/build/generic_f072rb/SrcWrapper/src/HardwareTimer.cpp.o
                0x00000000080036e0                HardwareTimer::setup(TIM_TypeDef*)
 .text._ZN13HardwareTimerC2EP11TIM_TypeDef
                0x0000000008003770       0x20 .pio/build/generic_f072rb/SrcWrapper/src/HardwareTimer.cpp.o
                0x0000000008003770                HardwareTimer::HardwareTimer(TIM_TypeDef*)
                0x0000000008003770                HardwareTimer::HardwareTimer(TIM_TypeDef*)
 .text.TIM1_BRK_UP_TRG_COM_IRQHandler
                0x0000000008003790       0x18 .pio/build/generic_f072rb/SrcWrapper/src/HardwareTimer.cpp.o
                0x0000000008003790                TIM1_BRK_UP_TRG_COM_IRQHandler
 .text.TIM1_CC_IRQHandler
                0x00000000080037a8        0x8 .pio/build/generic_f072rb/SrcWrapper/src/HardwareTimer.cpp.o
                0x00000000080037a8                TIM1_CC_IRQHandler
 .text.TIM2_IRQHandler
                0x00000000080037b0       0x18 .pio/build/generic_f072rb/SrcWrapper/src/HardwareTimer.cpp.o
                0x00000000080037b0                TIM2_IRQHandler
 .text.TIM3_IRQHandler
                0x00000000080037c8       0x18 .pio/build/generic_f072rb/SrcWrapper/src/HardwareTimer.cpp.o
                0x00000000080037c8                TIM3_IRQHandler
 .text.TIM6_DAC_IRQHandler
                0x00000000080037e0       0x18 .pio/build/generic_f072rb/SrcWrapper/src/HardwareTimer.cpp.o
                0x00000000080037e0                TIM6_DAC_IRQHandler
 .text.TIM7_IRQHandler
                0x00000000080037f8       0x18 .pio/build/generic_f072rb/SrcWrapper/src/HardwareTimer.cpp.o
                0x00000000080037f8                TIM7_IRQHandler
 .text.TIM14_IRQHandler
                0x0000000008003810       0x18 .pio/build/generic_f072rb/SrcWrapper/src/HardwareTimer.cpp.o
                0x0000000008003810                TIM14_IRQHandler
 .text.TIM15_IRQHandler
                0x0000000008003828       0x18 .pio/build/generic_f072rb/SrcWrapper/src/HardwareTimer.cpp.o
                0x0000000008003828                TIM15_IRQHandler
 .text.TIM16_IRQHandler
                0x0000000008003840       0x18 .pio/build/generic_f072rb/SrcWrapper/src/HardwareTimer.cpp.o
                0x0000000008003840                TIM16_IRQHandler
 .text.TIM17_IRQHandler
                0x0000000008003858       0x18 .pio/build/generic_f072rb/SrcWrapper/src/HardwareTimer.cpp.o
                0x0000000008003858                TIM17_IRQHandler
 .text._ZNKSt8functionIFvvEEclEv
                0x0000000008003870       0x12 .pio/build/generic_f072rb/SrcWrapper/src/HardwareTimer.cpp.o
                0x0000000008003870                std::function<void ()>::operator()() const
 .text._ZN13HardwareTimer14updateCallbackEP17TIM_HandleTypeDef
                0x0000000008003882       0x1c .pio/build/generic_f072rb/SrcWrapper/src/HardwareTimer.cpp.o
                0x0000000008003882                HardwareTimer::updateCallback(TIM_HandleTypeDef*)
 .text.HAL_TIM_PeriodElapsedCallback
                0x000000000800389e        0x8 .pio/build/generic_f072rb/SrcWrapper/src/HardwareTimer.cpp.o
                0x000000000800389e                HAL_TIM_PeriodElapsedCallback
 .text._ZN13HardwareTimer22captureCompareCallbackEP17TIM_HandleTypeDef
                0x00000000080038a6       0x46 .pio/build/generic_f072rb/SrcWrapper/src/HardwareTimer.cpp.o
                0x00000000080038a6                HardwareTimer::captureCompareCallback(TIM_HandleTypeDef*)
 .text.HAL_TIM_OC_DelayElapsedCallback
                0x00000000080038ec        0x8 .pio/build/generic_f072rb/SrcWrapper/src/HardwareTimer.cpp.o
                0x00000000080038ec                HAL_TIM_OC_DelayElapsedCallback
 .text.HAL_TIM_IC_CaptureCallback
                0x00000000080038f4        0x8 .pio/build/generic_f072rb/SrcWrapper/src/HardwareTimer.cpp.o
                0x00000000080038f4                HAL_TIM_IC_CaptureCallback
 .text.USB_EnableGlobalInt
                0x00000000080038fc       0x14 .pio/build/generic_f072rb/SrcWrapper/src/LL/stm32yyxx_ll_usb.c.o
                0x00000000080038fc                USB_EnableGlobalInt
 .text.USB_DisableGlobalInt
                0x0000000008003910       0x14 .pio/build/generic_f072rb/SrcWrapper/src/LL/stm32yyxx_ll_usb.c.o
                0x0000000008003910                USB_DisableGlobalInt
 .text.USB_DevInit
                0x0000000008003924       0x26 .pio/build/generic_f072rb/SrcWrapper/src/LL/stm32yyxx_ll_usb.c.o
                0x0000000008003924                USB_DevInit
 *fill*         0x000000000800394a        0x2 
 .text.USB_ActivateEndpoint
                0x000000000800394c      0x228 .pio/build/generic_f072rb/SrcWrapper/src/LL/stm32yyxx_ll_usb.c.o
                0x000000000800394c                USB_ActivateEndpoint
 .text.USB_DeactivateEndpoint
                0x0000000008003b74       0xf8 .pio/build/generic_f072rb/SrcWrapper/src/LL/stm32yyxx_ll_usb.c.o
                0x0000000008003b74                USB_DeactivateEndpoint
 .text.USB_EPSetStall
                0x0000000008003c6c       0x3c .pio/build/generic_f072rb/SrcWrapper/src/LL/stm32yyxx_ll_usb.c.o
                0x0000000008003c6c                USB_EPSetStall
 .text.USB_EPClearStall
                0x0000000008003ca8       0x74 .pio/build/generic_f072rb/SrcWrapper/src/LL/stm32yyxx_ll_usb.c.o
                0x0000000008003ca8                USB_EPClearStall
 .text.USB_SetDevAddress
                0x0000000008003d1c        0xe .pio/build/generic_f072rb/SrcWrapper/src/LL/stm32yyxx_ll_usb.c.o
                0x0000000008003d1c                USB_SetDevAddress
 .text.USB_DevConnect
                0x0000000008003d2a       0x10 .pio/build/generic_f072rb/SrcWrapper/src/LL/stm32yyxx_ll_usb.c.o
                0x0000000008003d2a                USB_DevConnect
 .text.USB_DevDisconnect
                0x0000000008003d3a        0xe .pio/build/generic_f072rb/SrcWrapper/src/LL/stm32yyxx_ll_usb.c.o
                0x0000000008003d3a                USB_DevDisconnect
 .text.USB_ReadInterrupts
                0x0000000008003d48        0x8 .pio/build/generic_f072rb/SrcWrapper/src/LL/stm32yyxx_ll_usb.c.o
                0x0000000008003d48                USB_ReadInterrupts
 .text.USB_WritePMA
                0x0000000008003d50       0x2a .pio/build/generic_f072rb/SrcWrapper/src/LL/stm32yyxx_ll_usb.c.o
                0x0000000008003d50                USB_WritePMA
 *fill*         0x0000000008003d7a        0x2 
 .text.USB_EPStartXfer
                0x0000000008003d7c      0x490 .pio/build/generic_f072rb/SrcWrapper/src/LL/stm32yyxx_ll_usb.c.o
                0x0000000008003d7c                USB_EPStartXfer
 .text.USB_ReadPMA
                0x000000000800420c       0x38 .pio/build/generic_f072rb/SrcWrapper/src/LL/stm32yyxx_ll_usb.c.o
                0x000000000800420c                USB_ReadPMA
 .text._Znwj    0x0000000008004244        0x8 .pio/build/generic_f072rb/SrcWrapper/src/new.cpp.o
                0x0000000008004244                operator new(unsigned int)
 .text._ZdlPvj  0x000000000800424c        0x8 .pio/build/generic_f072rb/SrcWrapper/src/new.cpp.o
                0x000000000800424c                operator delete(void*, unsigned int)
 .text.set_GPIO_Port_Clock
                0x0000000008004254       0xa4 .pio/build/generic_f072rb/SrcWrapper/src/stm32/PortNames.c.o
                0x0000000008004254                set_GPIO_Port_Clock
 .text.get_adc_channel
                0x00000000080042f8       0x18 .pio/build/generic_f072rb/SrcWrapper/src/stm32/analog.cpp.o
                0x00000000080042f8                get_adc_channel
 .text.get_adc_internal_channel
                0x0000000008004310       0x18 .pio/build/generic_f072rb/SrcWrapper/src/stm32/analog.cpp.o
                0x0000000008004310                get_adc_internal_channel
 .text.get_dac_channel
                0x0000000008004328       0x24 .pio/build/generic_f072rb/SrcWrapper/src/stm32/analog.cpp.o
                0x0000000008004328                get_dac_channel
 .text.HAL_DAC_MspDeInit
                0x000000000800434c       0x30 .pio/build/generic_f072rb/SrcWrapper/src/stm32/analog.cpp.o
                0x000000000800434c                HAL_DAC_MspDeInit
 .text.dac_stop
                0x000000000800437c       0x38 .pio/build/generic_f072rb/SrcWrapper/src/stm32/analog.cpp.o
                0x000000000800437c                dac_stop
 .text.HAL_ADC_MspInit
                0x00000000080043b4       0x40 .pio/build/generic_f072rb/SrcWrapper/src/stm32/analog.cpp.o
                0x00000000080043b4                HAL_ADC_MspInit
 .text.HAL_ADC_MspDeInit
                0x00000000080043f4       0x30 .pio/build/generic_f072rb/SrcWrapper/src/stm32/analog.cpp.o
                0x00000000080043f4                HAL_ADC_MspDeInit
 .text.adc_read_value
                0x0000000008004424      0x144 .pio/build/generic_f072rb/SrcWrapper/src/stm32/analog.cpp.o
                0x0000000008004424                adc_read_value
 .text.pwm_stop
                0x0000000008004568       0x58 .pio/build/generic_f072rb/SrcWrapper/src/stm32/analog.cpp.o
                0x0000000008004568                pwm_stop
 .text.getCurrentMillis
                0x00000000080045c0        0x8 .pio/build/generic_f072rb/SrcWrapper/src/stm32/clock.c.o
                0x00000000080045c0                getCurrentMillis
 .text.noOsSystickHandler
                0x00000000080045c8        0x2 .pio/build/generic_f072rb/SrcWrapper/src/stm32/clock.c.o
                0x00000000080045c8                osSystickHandler
                0x00000000080045c8                noOsSystickHandler
 .text.SysTick_Handler
                0x00000000080045ca       0x10 .pio/build/generic_f072rb/SrcWrapper/src/stm32/clock.c.o
                0x00000000080045ca                SysTick_Handler
 .text.configHSECapacitorTuning
                0x00000000080045da        0x2 .pio/build/generic_f072rb/SrcWrapper/src/stm32/clock.c.o
                0x00000000080045da                configHSECapacitorTuning
 .text.configIPClock
                0x00000000080045dc       0x40 .pio/build/generic_f072rb/SrcWrapper/src/stm32/clock.c.o
                0x00000000080045dc                configIPClock
 .text.hw_config_init
                0x000000000800461c       0x24 .pio/build/generic_f072rb/SrcWrapper/src/stm32/hw_config.c.o
                0x000000000800461c                hw_config_init
 .text.HAL_GPIO_EXTI_Callback
                0x0000000008004640       0x2c .pio/build/generic_f072rb/SrcWrapper/src/stm32/interrupt.cpp.o
                0x0000000008004640                HAL_GPIO_EXTI_Callback
 .text.EXTI0_1_IRQHandler
                0x000000000800466c       0x10 .pio/build/generic_f072rb/SrcWrapper/src/stm32/interrupt.cpp.o
                0x000000000800466c                EXTI0_1_IRQHandler
 .text.EXTI2_3_IRQHandler
                0x000000000800467c       0x10 .pio/build/generic_f072rb/SrcWrapper/src/stm32/interrupt.cpp.o
                0x000000000800467c                EXTI2_3_IRQHandler
 .text.EXTI4_15_IRQHandler
                0x000000000800468c       0x16 .pio/build/generic_f072rb/SrcWrapper/src/stm32/interrupt.cpp.o
                0x000000000800468c                EXTI4_15_IRQHandler
 *fill*         0x00000000080046a2        0x2 
 .text.startup._GLOBAL__sub_I__Z22stm32_interrupt_enableP12GPIO_TypeDeftSt8functionIFvvEEm
                0x00000000080046a4       0xa4 .pio/build/generic_f072rb/SrcWrapper/src/stm32/interrupt.cpp.o
 .text.exit._GLOBAL__sub_D__Z22stm32_interrupt_enableP12GPIO_TypeDeftSt8functionIFvvEEm
                0x0000000008004748       0x1c .pio/build/generic_f072rb/SrcWrapper/src/stm32/interrupt.cpp.o
 .text.pin_in_pinmap
                0x0000000008004764       0x1a .pio/build/generic_f072rb/SrcWrapper/src/stm32/pinmap.c.o
                0x0000000008004764                pin_in_pinmap
 *fill*         0x000000000800477e        0x2 
 .text.pin_function
                0x0000000008004780       0xe0 .pio/build/generic_f072rb/SrcWrapper/src/stm32/pinmap.c.o
                0x0000000008004780                pin_function
 .text.pinmap_pinout
                0x0000000008004860       0x1e .pio/build/generic_f072rb/SrcWrapper/src/stm32/pinmap.c.o
                0x0000000008004860                pinmap_pinout
 .text.pinmap_find_peripheral
                0x000000000800487e       0x16 .pio/build/generic_f072rb/SrcWrapper/src/stm32/pinmap.c.o
                0x000000000800487e                pinmap_find_peripheral
 .text.pinmap_peripheral
                0x0000000008004894       0x12 .pio/build/generic_f072rb/SrcWrapper/src/stm32/pinmap.c.o
                0x0000000008004894                pinmap_peripheral
 .text.pinmap_find_pin
                0x00000000080048a6       0x18 .pio/build/generic_f072rb/SrcWrapper/src/stm32/pinmap.c.o
                0x00000000080048a6                pinmap_find_pin
 .text.pinmap_pin
                0x00000000080048be       0x12 .pio/build/generic_f072rb/SrcWrapper/src/stm32/pinmap.c.o
                0x00000000080048be                pinmap_pin
 .text.pinmap_find_function
                0x00000000080048d0       0x14 .pio/build/generic_f072rb/SrcWrapper/src/stm32/pinmap.c.o
                0x00000000080048d0                pinmap_find_function
 .text.pinmap_function
                0x00000000080048e4        0xc .pio/build/generic_f072rb/SrcWrapper/src/stm32/pinmap.c.o
                0x00000000080048e4                pinmap_function
 .text.SystemInit
                0x00000000080048f0       0x60 .pio/build/generic_f072rb/SrcWrapper/src/stm32/system_stm32yyxx.c.o
                0x00000000080048f0                SystemInit
 .text.get_timer_obj
                0x0000000008004950        0x4 .pio/build/generic_f072rb/SrcWrapper/src/stm32/timer.c.o
                0x0000000008004950                get_timer_obj
 .text.enableTimerClock
                0x0000000008004954      0x11c .pio/build/generic_f072rb/SrcWrapper/src/stm32/timer.c.o
                0x0000000008004954                enableTimerClock
 .text.disableTimerClock
                0x0000000008004a70       0xd0 .pio/build/generic_f072rb/SrcWrapper/src/stm32/timer.c.o
                0x0000000008004a70                disableTimerClock
 .text.getTimerUpIrq
                0x0000000008004b40       0x90 .pio/build/generic_f072rb/SrcWrapper/src/stm32/timer.c.o
                0x0000000008004b40                getTimerUpIrq
 .text.getTimerCCIrq
                0x0000000008004bd0       0x90 .pio/build/generic_f072rb/SrcWrapper/src/stm32/timer.c.o
                0x0000000008004bd0                getTimerCCIrq
 .text.HAL_TIM_Base_MspInit
                0x0000000008004c60       0x4a .pio/build/generic_f072rb/SrcWrapper/src/stm32/timer.c.o
                0x0000000008004c60                HAL_TIM_Base_MspInit
 *fill*         0x0000000008004caa        0x2 
 .text.serial_rx_active
                0x0000000008004cac       0x24 .pio/build/generic_f072rb/SrcWrapper/src/stm32/uart.c.o
                0x0000000008004cac                serial_rx_active
 .text.serial_tx_active
                0x0000000008004cd0       0x24 .pio/build/generic_f072rb/SrcWrapper/src/stm32/uart.c.o
                0x0000000008004cd0                serial_tx_active
 .text.uart_attach_tx_callback
                0x0000000008004cf4       0x48 .pio/build/generic_f072rb/SrcWrapper/src/stm32/uart.c.o
                0x0000000008004cf4                uart_attach_tx_callback
 .text.uart_enable_tx
                0x0000000008004d3c       0x24 .pio/build/generic_f072rb/SrcWrapper/src/stm32/uart.c.o
                0x0000000008004d3c                uart_enable_tx
 .text.uart_enable_rx
                0x0000000008004d60       0x24 .pio/build/generic_f072rb/SrcWrapper/src/stm32/uart.c.o
                0x0000000008004d60                uart_enable_rx
 .text.HAL_UART_RxCpltCallback
                0x0000000008004d84        0xe .pio/build/generic_f072rb/SrcWrapper/src/stm32/uart.c.o
                0x0000000008004d84                HAL_UART_RxCpltCallback
 .text.HAL_UART_TxCpltCallback
                0x0000000008004d92        0xe .pio/build/generic_f072rb/SrcWrapper/src/stm32/uart.c.o
                0x0000000008004d92                HAL_UART_TxCpltCallback
 .text.HAL_UART_ErrorCallback
                0x0000000008004da0       0x42 .pio/build/generic_f072rb/SrcWrapper/src/stm32/uart.c.o
                0x0000000008004da0                HAL_UART_ErrorCallback
 *fill*         0x0000000008004de2        0x2 
 .text.USART1_IRQHandler
                0x0000000008004de4       0x18 .pio/build/generic_f072rb/SrcWrapper/src/stm32/uart.c.o
                0x0000000008004de4                USART1_IRQHandler
 .text.USART2_IRQHandler
                0x0000000008004dfc       0x1c .pio/build/generic_f072rb/SrcWrapper/src/stm32/uart.c.o
                0x0000000008004dfc                USART2_IRQHandler
 .text.USART3_4_IRQHandler
                0x0000000008004e18       0x24 .pio/build/generic_f072rb/SrcWrapper/src/stm32/uart.c.o
                0x0000000008004e18                USART3_4_IRQHandler
 .text.HAL_UARTEx_WakeupCallback
                0x0000000008004e3c        0xe .pio/build/generic_f072rb/SrcWrapper/src/stm32/uart.c.o
                0x0000000008004e3c                HAL_UARTEx_WakeupCallback
 *fill*         0x0000000008004e4a        0x2 
 .text._sbrk    0x0000000008004e4c       0x3c .pio/build/generic_f072rb/SrcWrapper/src/syscalls.c.o
                0x0000000008004e4c                _sbrk
 .text._exit    0x0000000008004e88        0x2 .pio/build/generic_f072rb/SrcWrapper/src/syscalls.c.o
                0x0000000008004e88                _exit
 *fill*         0x0000000008004e8a        0x2 
 .text._kill    0x0000000008004e8c       0x10 .pio/build/generic_f072rb/SrcWrapper/src/syscalls.c.o
                0x0000000008004e8c                _kill
 .text._getpid  0x0000000008004e9c        0x4 .pio/build/generic_f072rb/SrcWrapper/src/syscalls.c.o
                0x0000000008004e9c                _getpid
 .text.SystemClock_Config
                0x0000000008004ea0       0x6e .pio/build/generic_f072rb/src/main.cpp.o
                0x0000000008004ea0                SystemClock_Config
 *fill*         0x0000000008004f0e        0x2 
 .text._Z19HAL_TIM_MspPostInitP17TIM_HandleTypeDef
                0x0000000008004f10       0x7c .pio/build/generic_f072rb/src/main.cpp.o
                0x0000000008004f10                HAL_TIM_MspPostInit(TIM_HandleTypeDef*)
 .text._Z6setPWMhf
                0x0000000008004f8c       0x7c .pio/build/generic_f072rb/src/main.cpp.o
                0x0000000008004f8c                setPWM(unsigned char, float)
 .text._Z7initPWMv
                0x0000000008005008      0x160 .pio/build/generic_f072rb/src/main.cpp.o
                0x0000000008005008                initPWM()
 .text.setup    0x0000000008005168       0x3c .pio/build/generic_f072rb/src/main.cpp.o
                0x0000000008005168                setup
 .text.loop     0x00000000080051a4      0x1e8 .pio/build/generic_f072rb/src/main.cpp.o
                0x00000000080051a4                loop
 .text._ZN5Print5writeEPKc
                0x000000000800538c       0x1c .pio/build/generic_f072rb/libFrameworkArduino.a(Print.cpp.o)
                0x000000000800538c                Print::write(char const*)
 .text._ZN5Print5printEPKc
                0x00000000080053a8        0x8 .pio/build/generic_f072rb/libFrameworkArduino.a(Print.cpp.o)
                0x00000000080053a8                Print::print(char const*)
 .text._ZN5Print5printEc
                0x00000000080053b0        0xa .pio/build/generic_f072rb/libFrameworkArduino.a(Print.cpp.o)
                0x00000000080053b0                Print::print(char)
 *fill*         0x00000000080053ba        0x2 
 .text._ZN5Print7printlnEv
                0x00000000080053bc       0x10 .pio/build/generic_f072rb/libFrameworkArduino.a(Print.cpp.o)
                0x00000000080053bc                Print::println()
 .text._ZN5Print7printlnEPK19__FlashStringHelper
                0x00000000080053cc       0x14 .pio/build/generic_f072rb/libFrameworkArduino.a(Print.cpp.o)
                0x00000000080053cc                Print::println(__FlashStringHelper const*)
 .text._ZN5Print7printlnEPKc
                0x00000000080053e0        0x8 .pio/build/generic_f072rb/libFrameworkArduino.a(Print.cpp.o)
                0x00000000080053e0                Print::println(char const*)
 .text._ZN5Print11printNumberEmh
                0x00000000080053e8       0x4e .pio/build/generic_f072rb/libFrameworkArduino.a(Print.cpp.o)
                0x00000000080053e8                Print::printNumber(unsigned long, unsigned char)
 *fill*         0x0000000008005436        0x2 
 .text._ZN5Print10printFloatEdh
                0x0000000008005438      0x168 .pio/build/generic_f072rb/libFrameworkArduino.a(Print.cpp.o)
                0x0000000008005438                Print::printFloat(double, unsigned char)
 .text._ZN5Print5printEdi
                0x00000000080055a0        0xe .pio/build/generic_f072rb/libFrameworkArduino.a(Print.cpp.o)
                0x00000000080055a0                Print::print(double, int)
 .text._ZN9USBSerial5writeEh
                0x00000000080055ae       0x14 .pio/build/generic_f072rb/libFrameworkArduino.a(USBSerial.cpp.o)
                0x00000000080055ae                USBSerial::write(unsigned char)
 *fill*         0x00000000080055c2        0x2 
 .text._ZN9USBSerial17availableForWriteEv
                0x00000000080055c4       0x10 .pio/build/generic_f072rb/libFrameworkArduino.a(USBSerial.cpp.o)
                0x00000000080055c4                USBSerial::availableForWrite()
 .text._ZN9USBSerial5writeEPKhj
                0x00000000080055d4       0x48 .pio/build/generic_f072rb/libFrameworkArduino.a(USBSerial.cpp.o)
                0x00000000080055d4                USBSerial::write(unsigned char const*, unsigned int)
 .text._ZN9USBSerial9availableEv
                0x000000000800561c       0x10 .pio/build/generic_f072rb/libFrameworkArduino.a(USBSerial.cpp.o)
                0x000000000800561c                USBSerial::available()
 .text._ZN9USBSerial4readEv
                0x000000000800562c       0x18 .pio/build/generic_f072rb/libFrameworkArduino.a(USBSerial.cpp.o)
                0x000000000800562c                USBSerial::read()
 .text._ZN9USBSerial9readBytesEPcj
                0x0000000008005644       0x44 .pio/build/generic_f072rb/libFrameworkArduino.a(USBSerial.cpp.o)
                0x0000000008005644                USBSerial::readBytes(char*, unsigned int)
 .text._ZN9USBSerial14readBytesUntilEcPcj
                0x0000000008005688       0x60 .pio/build/generic_f072rb/libFrameworkArduino.a(USBSerial.cpp.o)
                0x0000000008005688                USBSerial::readBytesUntil(char, char*, unsigned int)
 .text._ZN9USBSerial4peekEv
                0x00000000080056e8       0x10 .pio/build/generic_f072rb/libFrameworkArduino.a(USBSerial.cpp.o)
                0x00000000080056e8                USBSerial::peek()
 .text._ZN9USBSerial5flushEv
                0x00000000080056f8       0x14 .pio/build/generic_f072rb/libFrameworkArduino.a(USBSerial.cpp.o)
                0x00000000080056f8                USBSerial::flush()
 .text._ZN9USBSerial5beginEm
                0x000000000800570c        0x8 .pio/build/generic_f072rb/libFrameworkArduino.a(USBSerial.cpp.o)
                0x000000000800570c                USBSerial::begin(unsigned long)
 .text.startup._GLOBAL__sub_I_SerialUSB
                0x0000000008005714       0x1c .pio/build/generic_f072rb/libFrameworkArduino.a(USBSerial.cpp.o)
 .text._Z3maplllll
                0x0000000008005730       0x16 .pio/build/generic_f072rb/libFrameworkArduino.a(WMath.cpp.o)
                0x0000000008005730                map(long, long, long, long, long)
 .text.startup._Z7premainv
                0x0000000008005746        0x8 .pio/build/generic_f072rb/libFrameworkArduino.a(main.cpp.o)
                0x0000000008005746                premain()
 .text.startup.main
                0x000000000800574e       0x14 .pio/build/generic_f072rb/libFrameworkArduino.a(main.cpp.o)
                0x000000000800574e                main
 *fill*         0x0000000008005762        0x2 
 .text.Reset_Handler
                0x0000000008005764       0x50 .pio/build/generic_f072rb/libFrameworkArduino.a(startup_stm32yyxx.S.o)
                0x0000000008005764                Reset_Handler
 .text.Default_Handler
                0x00000000080057b4        0x2 .pio/build/generic_f072rb/libFrameworkArduino.a(startup_stm32yyxx.S.o)
                0x00000000080057b4                TSC_IRQHandler
                0x00000000080057b4                HardFault_Handler
                0x00000000080057b4                ADC1_COMP_IRQHandler
                0x00000000080057b4                PendSV_Handler
                0x00000000080057b4                NMI_Handler
                0x00000000080057b4                I2C1_IRQHandler
                0x00000000080057b4                RCC_CRS_IRQHandler
                0x00000000080057b4                SPI1_IRQHandler
                0x00000000080057b4                I2C2_IRQHandler
                0x00000000080057b4                CEC_CAN_IRQHandler
                0x00000000080057b4                RTC_IRQHandler
                0x00000000080057b4                PVD_VDDIO2_IRQHandler
                0x00000000080057b4                DMA1_Channel4_5_6_7_IRQHandler
                0x00000000080057b4                DMA1_Channel1_IRQHandler
                0x00000000080057b4                Default_Handler
                0x00000000080057b4                SPI2_IRQHandler
                0x00000000080057b4                SVC_Handler
                0x00000000080057b4                WWDG_IRQHandler
                0x00000000080057b4                DMA1_Channel2_3_IRQHandler
                0x00000000080057b4                FLASH_IRQHandler
 .text.CDC_TransmitQueue_Init
                0x00000000080057b6        0xe .pio/build/generic_f072rb/libFrameworkArduino.a(cdc_queue.c.o)
                0x00000000080057b6                CDC_TransmitQueue_Init
 .text.CDC_TransmitQueue_WriteSize
                0x00000000080057c4       0x28 .pio/build/generic_f072rb/libFrameworkArduino.a(cdc_queue.c.o)
                0x00000000080057c4                CDC_TransmitQueue_WriteSize
 .text.CDC_TransmitQueue_ReadSize
                0x00000000080057ec       0x28 .pio/build/generic_f072rb/libFrameworkArduino.a(cdc_queue.c.o)
                0x00000000080057ec                CDC_TransmitQueue_ReadSize
 .text.CDC_TransmitQueue_Enqueue
                0x0000000008005814       0x3e .pio/build/generic_f072rb/libFrameworkArduino.a(cdc_queue.c.o)
                0x0000000008005814                CDC_TransmitQueue_Enqueue
 .text.CDC_TransmitQueue_ReadBlock
                0x0000000008005852       0x2e .pio/build/generic_f072rb/libFrameworkArduino.a(cdc_queue.c.o)
                0x0000000008005852                CDC_TransmitQueue_ReadBlock
 .text.CDC_TransmitQueue_CommitRead
                0x0000000008005880       0x14 .pio/build/generic_f072rb/libFrameworkArduino.a(cdc_queue.c.o)
                0x0000000008005880                CDC_TransmitQueue_CommitRead
 .text.CDC_ReceiveQueue_Init
                0x0000000008005894       0x14 .pio/build/generic_f072rb/libFrameworkArduino.a(cdc_queue.c.o)
                0x0000000008005894                CDC_ReceiveQueue_Init
 .text.CDC_ReceiveQueue_ReserveBlock
                0x00000000080058a8       0x5c .pio/build/generic_f072rb/libFrameworkArduino.a(cdc_queue.c.o)
                0x00000000080058a8                CDC_ReceiveQueue_ReserveBlock
 .text.CDC_ReceiveQueue_CommitBlock
                0x0000000008005904       0x26 .pio/build/generic_f072rb/libFrameworkArduino.a(cdc_queue.c.o)
                0x0000000008005904                CDC_ReceiveQueue_CommitBlock
 .text.CDC_ReceiveQueue_ReadSize
                0x000000000800592a       0x3a .pio/build/generic_f072rb/libFrameworkArduino.a(cdc_queue.c.o)
                0x000000000800592a                CDC_ReceiveQueue_ReadSize
 .text.CDC_ReceiveQueue_Dequeue
                0x0000000008005964       0x52 .pio/build/generic_f072rb/libFrameworkArduino.a(cdc_queue.c.o)
                0x0000000008005964                CDC_ReceiveQueue_Dequeue
 .text.CDC_ReceiveQueue_Peek
                0x00000000080059b6       0x40 .pio/build/generic_f072rb/libFrameworkArduino.a(cdc_queue.c.o)
                0x00000000080059b6                CDC_ReceiveQueue_Peek
 .text.CDC_ReceiveQueue_Read
                0x00000000080059f6       0x70 .pio/build/generic_f072rb/libFrameworkArduino.a(cdc_queue.c.o)
                0x00000000080059f6                CDC_ReceiveQueue_Read
 .text.CDC_ReceiveQueue_ReadUntil
                0x0000000008005a66       0xae .pio/build/generic_f072rb/libFrameworkArduino.a(cdc_queue.c.o)
                0x0000000008005a66                CDC_ReceiveQueue_ReadUntil
 .text.USBD_CDC_DeInit
                0x0000000008005b14        0x4 .pio/build/generic_f072rb/libFrameworkArduino.a(usbd_cdc_if.c.o)
 .text.USBD_CDC_Control
                0x0000000008005b18       0x9c .pio/build/generic_f072rb/libFrameworkArduino.a(usbd_cdc_if.c.o)
 .text.USBD_CDC_Init
                0x0000000008005bb4       0x38 .pio/build/generic_f072rb/libFrameworkArduino.a(usbd_cdc_if.c.o)
 .text.CDC_init
                0x0000000008005bec       0x50 .pio/build/generic_f072rb/libFrameworkArduino.a(usbd_cdc_if.c.o)
                0x0000000008005bec                CDC_init
 .text.CDC_connected
                0x0000000008005c3c       0x3c .pio/build/generic_f072rb/libFrameworkArduino.a(usbd_cdc_if.c.o)
                0x0000000008005c3c                CDC_connected
 .text.CDC_continue_transmit
                0x0000000008005c78       0x50 .pio/build/generic_f072rb/libFrameworkArduino.a(usbd_cdc_if.c.o)
                0x0000000008005c78                CDC_continue_transmit
 .text.USBD_CDC_TransmitCplt
                0x0000000008005cc8       0x20 .pio/build/generic_f072rb/libFrameworkArduino.a(usbd_cdc_if.c.o)
 .text.CDC_resume_receive
                0x0000000008005ce8       0x3c .pio/build/generic_f072rb/libFrameworkArduino.a(usbd_cdc_if.c.o)
                0x0000000008005ce8                CDC_resume_receive
 .text.USBD_CDC_Receive
                0x0000000008005d24       0x30 .pio/build/generic_f072rb/libFrameworkArduino.a(usbd_cdc_if.c.o)
 .text.USBD_Init
                0x0000000008005d54       0x36 .pio/build/generic_f072rb/libFrameworkArduino.a(usb_device_core.c.o)
                0x0000000008005d54                USBD_Init
 .text.USBD_RegisterClass
                0x0000000008005d8a       0x2e .pio/build/generic_f072rb/libFrameworkArduino.a(usb_device_core.c.o)
                0x0000000008005d8a                USBD_RegisterClass
 .text.USBD_Start
                0x0000000008005db8        0x8 .pio/build/generic_f072rb/libFrameworkArduino.a(usb_device_core.c.o)
                0x0000000008005db8                USBD_Start
 .text.USBD_SetClassConfig
                0x0000000008005dc0       0x18 .pio/build/generic_f072rb/libFrameworkArduino.a(usb_device_core.c.o)
                0x0000000008005dc0                USBD_SetClassConfig
 .text.USBD_ClrClassConfig
                0x0000000008005dd8       0x14 .pio/build/generic_f072rb/libFrameworkArduino.a(usb_device_core.c.o)
                0x0000000008005dd8                USBD_ClrClassConfig
 .text.USBD_LL_SetupStage
                0x0000000008005dec       0x60 .pio/build/generic_f072rb/libFrameworkArduino.a(usb_device_core.c.o)
                0x0000000008005dec                USBD_LL_SetupStage
 .text.USBD_LL_DataOutStage
                0x0000000008005e4c       0x7e .pio/build/generic_f072rb/libFrameworkArduino.a(usb_device_core.c.o)
                0x0000000008005e4c                USBD_LL_DataOutStage
 .text.USBD_LL_DataInStage
                0x0000000008005eca       0xa8 .pio/build/generic_f072rb/libFrameworkArduino.a(usb_device_core.c.o)
                0x0000000008005eca                USBD_LL_DataInStage
 .text.USBD_LL_Reset
                0x0000000008005f72       0x66 .pio/build/generic_f072rb/libFrameworkArduino.a(usb_device_core.c.o)
                0x0000000008005f72                USBD_LL_Reset
 .text.USBD_LL_SetSpeed
                0x0000000008005fd8        0x6 .pio/build/generic_f072rb/libFrameworkArduino.a(usb_device_core.c.o)
                0x0000000008005fd8                USBD_LL_SetSpeed
 *fill*         0x0000000008005fde        0x2 
 .text.USBD_LL_Suspend
                0x0000000008005fe0       0x18 .pio/build/generic_f072rb/libFrameworkArduino.a(usb_device_core.c.o)
                0x0000000008005fe0                USBD_LL_Suspend
 .text.USBD_LL_Resume
                0x0000000008005ff8       0x1c .pio/build/generic_f072rb/libFrameworkArduino.a(usb_device_core.c.o)
                0x0000000008005ff8                USBD_LL_Resume
 .text.USBD_LL_SOF
                0x0000000008006014       0x26 .pio/build/generic_f072rb/libFrameworkArduino.a(usb_device_core.c.o)
                0x0000000008006014                USBD_LL_SOF
 .text.USBD_CtlError.constprop.0
                0x000000000800603a       0x14 .pio/build/generic_f072rb/libFrameworkArduino.a(usb_device_ctlreq.c.o)
 *fill*         0x000000000800604e        0x2 
 .text.USBD_StdDevReq
                0x0000000008006050      0x2c4 .pio/build/generic_f072rb/libFrameworkArduino.a(usb_device_ctlreq.c.o)
                0x0000000008006050                USBD_StdDevReq
 .text.USBD_StdItfReq
                0x0000000008006314       0x54 .pio/build/generic_f072rb/libFrameworkArduino.a(usb_device_ctlreq.c.o)
                0x0000000008006314                USBD_StdItfReq
 .text.USBD_StdEPReq
                0x0000000008006368      0x14a .pio/build/generic_f072rb/libFrameworkArduino.a(usb_device_ctlreq.c.o)
                0x0000000008006368                USBD_StdEPReq
 .text.USBD_ParseSetupRequest
                0x00000000080064b2       0x28 .pio/build/generic_f072rb/libFrameworkArduino.a(usb_device_ctlreq.c.o)
                0x00000000080064b2                USBD_ParseSetupRequest
 .text.USBD_CtlError
                0x00000000080064da       0x14 .pio/build/generic_f072rb/libFrameworkArduino.a(usb_device_ctlreq.c.o)
                0x00000000080064da                USBD_CtlError
 .text.USBD_GetString
                0x00000000080064ee       0x3c .pio/build/generic_f072rb/libFrameworkArduino.a(usb_device_ctlreq.c.o)
                0x00000000080064ee                USBD_GetString
 .text.USBD_CtlSendData
                0x000000000800652a       0x1c .pio/build/generic_f072rb/libFrameworkArduino.a(usb_device_ioreq.c.o)
                0x000000000800652a                USBD_CtlSendData
 .text.USBD_CtlContinueSendData
                0x0000000008006546       0x10 .pio/build/generic_f072rb/libFrameworkArduino.a(usb_device_ioreq.c.o)
                0x0000000008006546                USBD_CtlContinueSendData
 .text.USBD_CtlPrepareRx
                0x0000000008006556       0x20 .pio/build/generic_f072rb/libFrameworkArduino.a(usb_device_ioreq.c.o)
                0x0000000008006556                USBD_CtlPrepareRx
 .text.USBD_CtlContinueRx
                0x0000000008006576       0x10 .pio/build/generic_f072rb/libFrameworkArduino.a(usb_device_ioreq.c.o)
                0x0000000008006576                USBD_CtlContinueRx
 .text.USBD_CtlSendStatus
                0x0000000008006586       0x18 .pio/build/generic_f072rb/libFrameworkArduino.a(usb_device_ioreq.c.o)
                0x0000000008006586                USBD_CtlSendStatus
 .text.USBD_CtlReceiveStatus
                0x000000000800659e       0x18 .pio/build/generic_f072rb/libFrameworkArduino.a(usb_device_ioreq.c.o)
                0x000000000800659e                USBD_CtlReceiveStatus
 *fill*         0x00000000080065b6        0x2 
 .text.HAL_PCD_MspInit
                0x00000000080065b8       0x68 .pio/build/generic_f072rb/libFrameworkArduino.a(usbd_conf.c.o)
                0x00000000080065b8                HAL_PCD_MspInit
 .text.HAL_PCD_SetupStageCallback
                0x0000000008006620       0x12 .pio/build/generic_f072rb/libFrameworkArduino.a(usbd_conf.c.o)
                0x0000000008006620                HAL_PCD_SetupStageCallback
 .text.HAL_PCD_DataOutStageCallback
                0x0000000008006632       0x1a .pio/build/generic_f072rb/libFrameworkArduino.a(usbd_conf.c.o)
                0x0000000008006632                HAL_PCD_DataOutStageCallback
 .text.HAL_PCD_DataInStageCallback
                0x000000000800664c       0x16 .pio/build/generic_f072rb/libFrameworkArduino.a(usbd_conf.c.o)
                0x000000000800664c                HAL_PCD_DataInStageCallback
 .text.HAL_PCD_SOFCallback
                0x0000000008006662        0xe .pio/build/generic_f072rb/libFrameworkArduino.a(usbd_conf.c.o)
                0x0000000008006662                HAL_PCD_SOFCallback
 .text.HAL_PCD_ResetCallback
                0x0000000008006670       0x18 .pio/build/generic_f072rb/libFrameworkArduino.a(usbd_conf.c.o)
                0x0000000008006670                HAL_PCD_ResetCallback
 .text.HAL_PCD_SuspendCallback
                0x0000000008006688       0x24 .pio/build/generic_f072rb/libFrameworkArduino.a(usbd_conf.c.o)
                0x0000000008006688                HAL_PCD_SuspendCallback
 .text.HAL_PCD_ResumeCallback
                0x00000000080066ac       0x28 .pio/build/generic_f072rb/libFrameworkArduino.a(usbd_conf.c.o)
                0x00000000080066ac                HAL_PCD_ResumeCallback
 .text.USB_IRQHandler
                0x00000000080066d4       0x10 .pio/build/generic_f072rb/libFrameworkArduino.a(usbd_conf.c.o)
                0x00000000080066d4                USB_IRQHandler
 .text.USBD_LL_Init
                0x00000000080066e4       0x64 .pio/build/generic_f072rb/libFrameworkArduino.a(usbd_conf.c.o)
                0x00000000080066e4                USBD_LL_Init
 .text.USBD_LL_Start
                0x0000000008006748       0x10 .pio/build/generic_f072rb/libFrameworkArduino.a(usbd_conf.c.o)
                0x0000000008006748                USBD_LL_Start
 .text.USBD_LL_OpenEP
                0x0000000008006758       0x16 .pio/build/generic_f072rb/libFrameworkArduino.a(usbd_conf.c.o)
                0x0000000008006758                USBD_LL_OpenEP
 .text.USBD_LL_CloseEP
                0x000000000800676e       0x10 .pio/build/generic_f072rb/libFrameworkArduino.a(usbd_conf.c.o)
                0x000000000800676e                USBD_LL_CloseEP
 .text.USBD_LL_StallEP
                0x000000000800677e       0x10 .pio/build/generic_f072rb/libFrameworkArduino.a(usbd_conf.c.o)
                0x000000000800677e                USBD_LL_StallEP
 .text.USBD_LL_ClearStallEP
                0x000000000800678e       0x10 .pio/build/generic_f072rb/libFrameworkArduino.a(usbd_conf.c.o)
                0x000000000800678e                USBD_LL_ClearStallEP
 .text.USBD_LL_IsStallEP
                0x000000000800679e       0x2a .pio/build/generic_f072rb/libFrameworkArduino.a(usbd_conf.c.o)
                0x000000000800679e                USBD_LL_IsStallEP
 .text.USBD_LL_SetUSBAddress
                0x00000000080067c8       0x10 .pio/build/generic_f072rb/libFrameworkArduino.a(usbd_conf.c.o)
                0x00000000080067c8                USBD_LL_SetUSBAddress
 .text.USBD_LL_Transmit
                0x00000000080067d8       0x10 .pio/build/generic_f072rb/libFrameworkArduino.a(usbd_conf.c.o)
                0x00000000080067d8                USBD_LL_Transmit
 .text.USBD_LL_PrepareReceive
                0x00000000080067e8       0x10 .pio/build/generic_f072rb/libFrameworkArduino.a(usbd_conf.c.o)
                0x00000000080067e8                USBD_LL_PrepareReceive
 .text.USBD_LL_GetRxDataSize
                0x00000000080067f8        0xe .pio/build/generic_f072rb/libFrameworkArduino.a(usbd_conf.c.o)
                0x00000000080067f8                USBD_LL_GetRxDataSize
 *fill*         0x0000000008006806        0x2 
 .text.USBD_Class_DeviceDescriptor
                0x0000000008006808        0xc .pio/build/generic_f072rb/libFrameworkArduino.a(usbd_desc.c.o)
                0x0000000008006808                USBD_Class_DeviceDescriptor
 .text.USBD_LangIDStrDescriptor
                0x0000000008006814        0xc .pio/build/generic_f072rb/libFrameworkArduino.a(usbd_desc.c.o)
                0x0000000008006814                USBD_LangIDStrDescriptor
 .text.USBD_Class_UserStrDescriptor
                0x0000000008006820        0x8 .pio/build/generic_f072rb/libFrameworkArduino.a(usbd_desc.c.o)
                0x0000000008006820                USBD_Class_UserStrDescriptor
 .text.IntToUnicode
                0x0000000008006828       0x24 .pio/build/generic_f072rb/libFrameworkArduino.a(usbd_desc.c.o)
 .text.USBD_SerialStrDescriptor
                0x000000000800684c       0x44 .pio/build/generic_f072rb/libFrameworkArduino.a(usbd_desc.c.o)
                0x000000000800684c                USBD_SerialStrDescriptor
 .text.USBD_ManufacturerStrDescriptor
                0x0000000008006890       0x1c .pio/build/generic_f072rb/libFrameworkArduino.a(usbd_desc.c.o)
                0x0000000008006890                USBD_ManufacturerStrDescriptor
 .text.USBD_Class_ProductStrDescriptor
                0x00000000080068ac       0x28 .pio/build/generic_f072rb/libFrameworkArduino.a(usbd_desc.c.o)
                0x00000000080068ac                USBD_Class_ProductStrDescriptor
 .text.USBD_Class_ConfigStrDescriptor
                0x00000000080068d4       0x1c .pio/build/generic_f072rb/libFrameworkArduino.a(usbd_desc.c.o)
                0x00000000080068d4                USBD_Class_ConfigStrDescriptor
 .text.USBD_Class_InterfaceStrDescriptor
                0x00000000080068f0       0x1c .pio/build/generic_f072rb/libFrameworkArduino.a(usbd_desc.c.o)
                0x00000000080068f0                USBD_Class_InterfaceStrDescriptor
 .text.USBD_reenumerate
                0x000000000800690c       0x1c .pio/build/generic_f072rb/libFrameworkArduino.a(usbd_if.c.o)
                0x000000000800690c                USBD_reenumerate
 .text.USBD_CDC_init
                0x0000000008006928        0x8 .pio/build/generic_f072rb/libFrameworkArduino.a(usbd_if.c.o)
                0x0000000008006928                USBD_CDC_init
 .text.USBD_SystemClockConfigFromResume
                0x0000000008006930        0xc .pio/build/generic_f072rb/libFrameworkArduino.a(usbd_if.c.o)
                0x0000000008006930                USBD_SystemClockConfigFromResume
 .text.mapResolution
                0x000000000800693c       0x28 .pio/build/generic_f072rb/libFrameworkArduino.a(wiring_analog.c.o)
 .text.analogReadResolution
                0x0000000008006964       0x34 .pio/build/generic_f072rb/libFrameworkArduino.a(wiring_analog.c.o)
                0x0000000008006964                analogReadResolution
 .text.analogRead
                0x0000000008006998       0x2c .pio/build/generic_f072rb/libFrameworkArduino.a(wiring_analog.c.o)
                0x0000000008006998                analogRead
 .text.pinMode  0x00000000080069c4       0xc4 .pio/build/generic_f072rb/libFrameworkArduino.a(wiring_digital.c.o)
                0x00000000080069c4                pinMode
 .text.millis   0x0000000008006a88        0x8 .pio/build/generic_f072rb/libFrameworkArduino.a(wiring_time.c.o)
                0x0000000008006a88                millis
 .text.delay    0x0000000008006a90       0x1c .pio/build/generic_f072rb/libFrameworkArduino.a(wiring_time.c.o)
                0x0000000008006a90                delay
 .text._Z14serialEventRunv
                0x0000000008006aac       0x3c .pio/build/generic_f072rb/libFrameworkArduino.a(WSerial.cpp.o)
                0x0000000008006aac                serialEventRun()
 .text.init     0x0000000008006ae8        0x8 .pio/build/generic_f072rb/libFrameworkArduino.a(board.c.o)
                0x0000000008006ae8                init
 .text.__empty  0x0000000008006af0        0x2 .pio/build/generic_f072rb/libFrameworkArduino.a(hooks.c.o)
                0x0000000008006af0                yield
 *fill*         0x0000000008006af2        0x2 
 .text.analogInputToPinName
                0x0000000008006af4      0x134 .pio/build/generic_f072rb/libFrameworkArduino.a(pins_arduino.c.o)
                0x0000000008006af4                analogInputToPinName
 .text.USBD_CDC_EP0_RxReady
                0x0000000008006c28       0x3c .pio/build/generic_f072rb/libFrameworkArduino.a(usbd_cdc.c.o)
 .text.USBD_CDC_GetFSCfgDesc
                0x0000000008006c64        0xc .pio/build/generic_f072rb/libFrameworkArduino.a(usbd_cdc.c.o)
 .text.USBD_CDC_GetHSCfgDesc
                0x0000000008006c70        0xc .pio/build/generic_f072rb/libFrameworkArduino.a(usbd_cdc.c.o)
 .text.USBD_CDC_GetOtherSpeedCfgDesc
                0x0000000008006c7c        0xc .pio/build/generic_f072rb/libFrameworkArduino.a(usbd_cdc.c.o)
 .text.USBD_CDC_GetDeviceQualifierDescriptor
                0x0000000008006c88        0xc .pio/build/generic_f072rb/libFrameworkArduino.a(usbd_cdc.c.o)
                0x0000000008006c88                USBD_CDC_GetDeviceQualifierDescriptor
 .text.USBD_CDC_DataOut
                0x0000000008006c94       0x30 .pio/build/generic_f072rb/libFrameworkArduino.a(usbd_cdc.c.o)
 .text.USBD_CDC_DataIn
                0x0000000008006cc4       0x74 .pio/build/generic_f072rb/libFrameworkArduino.a(usbd_cdc.c.o)
 .text.USBD_CDC_Setup
                0x0000000008006d38       0xf0 .pio/build/generic_f072rb/libFrameworkArduino.a(usbd_cdc.c.o)
 .text.USBD_CDC_DeInit
                0x0000000008006e28       0x4a .pio/build/generic_f072rb/libFrameworkArduino.a(usbd_cdc.c.o)
 .text.USBD_CDC_Init
                0x0000000008006e72       0xc0 .pio/build/generic_f072rb/libFrameworkArduino.a(usbd_cdc.c.o)
 .text.USBD_CDC_RegisterInterface
                0x0000000008006f32       0x12 .pio/build/generic_f072rb/libFrameworkArduino.a(usbd_cdc.c.o)
                0x0000000008006f32                USBD_CDC_RegisterInterface
 .text.USBD_CDC_SetTxBuffer
                0x0000000008006f44       0x1c .pio/build/generic_f072rb/libFrameworkArduino.a(usbd_cdc.c.o)
                0x0000000008006f44                USBD_CDC_SetTxBuffer
 .text.USBD_CDC_SetRxBuffer
                0x0000000008006f60       0x16 .pio/build/generic_f072rb/libFrameworkArduino.a(usbd_cdc.c.o)
                0x0000000008006f60                USBD_CDC_SetRxBuffer
 .text.USBD_CDC_TransmitPacket
                0x0000000008006f76       0x36 .pio/build/generic_f072rb/libFrameworkArduino.a(usbd_cdc.c.o)
                0x0000000008006f76                USBD_CDC_TransmitPacket
 .text.USBD_CDC_ReceivePacket
                0x0000000008006fac       0x34 .pio/build/generic_f072rb/libFrameworkArduino.a(usbd_cdc.c.o)
                0x0000000008006fac                USBD_CDC_ReceivePacket
 .text.USBD_CDC_ClearBuffer
                0x0000000008006fe0       0x1e .pio/build/generic_f072rb/libFrameworkArduino.a(usbd_cdc.c.o)
                0x0000000008006fe0                USBD_CDC_ClearBuffer
 .text._ZN14HardwareSerial9availableEv
                0x0000000008006ffe       0x16 .pio/build/generic_f072rb/libFrameworkArduino.a(HardwareSerial.cpp.o)
                0x0000000008006ffe                HardwareSerial::available()
 .text._ZN14HardwareSerial4peekEv
                0x0000000008007014       0x1c .pio/build/generic_f072rb/libFrameworkArduino.a(HardwareSerial.cpp.o)
                0x0000000008007014                HardwareSerial::peek()
 .text._ZN14HardwareSerial17availableForWriteEv
                0x0000000008007030       0x1c .pio/build/generic_f072rb/libFrameworkArduino.a(HardwareSerial.cpp.o)
                0x0000000008007030                HardwareSerial::availableForWrite()
 .text._ZN14HardwareSerial5writeEh
                0x000000000800704c       0x14 .pio/build/generic_f072rb/libFrameworkArduino.a(HardwareSerial.cpp.o)
                0x000000000800704c                HardwareSerial::write(unsigned char)
 .text._ZN14HardwareSerial16_tx_complete_irqEP8serial_s
                0x0000000008007060       0x60 .pio/build/generic_f072rb/libFrameworkArduino.a(HardwareSerial.cpp.o)
                0x0000000008007060                HardwareSerial::_tx_complete_irq(serial_s*)
 .text._ZN14HardwareSerial5writeEPKhj
                0x00000000080070c0       0xf4 .pio/build/generic_f072rb/libFrameworkArduino.a(HardwareSerial.cpp.o)
                0x00000000080070c0                HardwareSerial::write(unsigned char const*, unsigned int)
 .text._ZN14HardwareSerial5flushEv
                0x00000000080071b4       0x18 .pio/build/generic_f072rb/libFrameworkArduino.a(HardwareSerial.cpp.o)
                0x00000000080071b4                HardwareSerial::flush()
 .text._ZN14HardwareSerial4initE7PinNameS0_S0_S0_
                0x00000000080071cc       0x36 .pio/build/generic_f072rb/libFrameworkArduino.a(HardwareSerial.cpp.o)
                0x00000000080071cc                HardwareSerial::init(PinName, PinName, PinName, PinName)
 *fill*         0x0000000008007202        0x2 
 .text._ZN14HardwareSerial5setRxEm
                0x0000000008007204       0x50 .pio/build/generic_f072rb/libFrameworkArduino.a(HardwareSerial.cpp.o)
                0x0000000008007204                HardwareSerial::setRx(unsigned long)
 .text._ZN14HardwareSerial5setTxEm
                0x0000000008007254       0x50 .pio/build/generic_f072rb/libFrameworkArduino.a(HardwareSerial.cpp.o)
                0x0000000008007254                HardwareSerial::setTx(unsigned long)
 .text._ZN14HardwareSerialC2EPv16HalfDuplexMode_t
                0x00000000080072a4       0x98 .pio/build/generic_f072rb/libFrameworkArduino.a(HardwareSerial.cpp.o)
                0x00000000080072a4                HardwareSerial::HardwareSerial(void*, HalfDuplexMode_t)
                0x00000000080072a4                HardwareSerial::HardwareSerial(void*, HalfDuplexMode_t)
 .text._ZN14HardwareSerial18enableHalfDuplexRxEv
                0x000000000800733c       0x2c .pio/build/generic_f072rb/libFrameworkArduino.a(HardwareSerial.cpp.o)
                0x000000000800733c                HardwareSerial::enableHalfDuplexRx()
 .text._ZN14HardwareSerial4readEv
                0x0000000008007368       0x30 .pio/build/generic_f072rb/libFrameworkArduino.a(HardwareSerial.cpp.o)
                0x0000000008007368                HardwareSerial::read()
 .text.startup._GLOBAL__sub_I_Serial4
                0x0000000008007398       0x18 .pio/build/generic_f072rb/libFrameworkArduino.a(HardwareSerial.cpp.o)
 .text._ZN6Stream9timedReadEv
                0x00000000080073b0       0x2a .pio/build/generic_f072rb/libFrameworkArduino.a(Stream.cpp.o)
                0x00000000080073b0                Stream::timedRead()
 .text._ZN6Stream9readBytesEPcj
                0x00000000080073da       0x22 .pio/build/generic_f072rb/libFrameworkArduino.a(Stream.cpp.o)
                0x00000000080073da                Stream::readBytes(char*, unsigned int)
 .text._ZN6Stream14readBytesUntilEcPcj
                0x00000000080073fc       0x2c .pio/build/generic_f072rb/libFrameworkArduino.a(Stream.cpp.o)
                0x00000000080073fc                Stream::readBytesUntil(char, char*, unsigned int)
 .text.__fixunssfsi
                0x0000000008007428       0x30 c:/users/bashi/.platformio/packages/toolchain-gccarmnoneeabi@1.100301.220327/bin/../lib/gcc/arm-none-eabi/10.3.1/thumb/v6-m/nofp\libgcc.a(_fixunssfsi.o)
                0x0000000008007428                __fixunssfsi
                0x0000000008007428                __aeabi_f2uiz
 .text.__fixunsdfsi
                0x0000000008007458       0x3c c:/users/bashi/.platformio/packages/toolchain-gccarmnoneeabi@1.100301.220327/bin/../lib/gcc/arm-none-eabi/10.3.1/thumb/v6-m/nofp\libgcc.a(_fixunsdfsi.o)
                0x0000000008007458                __aeabi_d2uiz
                0x0000000008007458                __fixunsdfsi
 .text.__aeabi_fadd
                0x0000000008007494      0x33c c:/users/bashi/.platformio/packages/toolchain-gccarmnoneeabi@1.100301.220327/bin/../lib/gcc/arm-none-eabi/10.3.1/thumb/v6-m/nofp\libgcc.a(addsf3.o)
                0x0000000008007494                __aeabi_fadd
 .text.__aeabi_fdiv
                0x00000000080077d0      0x230 c:/users/bashi/.platformio/packages/toolchain-gccarmnoneeabi@1.100301.220327/bin/../lib/gcc/arm-none-eabi/10.3.1/thumb/v6-m/nofp\libgcc.a(divsf3.o)
                0x00000000080077d0                __aeabi_fdiv
 .text.__eqsf2  0x0000000008007a00       0x4c c:/users/bashi/.platformio/packages/toolchain-gccarmnoneeabi@1.100301.220327/bin/../lib/gcc/arm-none-eabi/10.3.1/thumb/v6-m/nofp\libgcc.a(eqsf2.o)
                0x0000000008007a00                __eqsf2
                0x0000000008007a00                __nesf2
 .text.__gesf2  0x0000000008007a4c       0x8c c:/users/bashi/.platformio/packages/toolchain-gccarmnoneeabi@1.100301.220327/bin/../lib/gcc/arm-none-eabi/10.3.1/thumb/v6-m/nofp\libgcc.a(gesf2.o)
                0x0000000008007a4c                __gesf2
                0x0000000008007a4c                __gtsf2
 .text.__lesf2  0x0000000008007ad8       0x88 c:/users/bashi/.platformio/packages/toolchain-gccarmnoneeabi@1.100301.220327/bin/../lib/gcc/arm-none-eabi/10.3.1/thumb/v6-m/nofp\libgcc.a(lesf2.o)
                0x0000000008007ad8                __ltsf2
                0x0000000008007ad8                __lesf2
 .text.__aeabi_fmul
                0x0000000008007b60      0x24c c:/users/bashi/.platformio/packages/toolchain-gccarmnoneeabi@1.100301.220327/bin/../lib/gcc/arm-none-eabi/10.3.1/thumb/v6-m/nofp\libgcc.a(mulsf3.o)
                0x0000000008007b60                __aeabi_fmul
 .text.__aeabi_fsub
                0x0000000008007dac      0x35c c:/users/bashi/.platformio/packages/toolchain-gccarmnoneeabi@1.100301.220327/bin/../lib/gcc/arm-none-eabi/10.3.1/thumb/v6-m/nofp\libgcc.a(subsf3.o)
                0x0000000008007dac                __aeabi_fsub
 .text.__aeabi_f2iz
                0x0000000008008108       0x40 c:/users/bashi/.platformio/packages/toolchain-gccarmnoneeabi@1.100301.220327/bin/../lib/gcc/arm-none-eabi/10.3.1/thumb/v6-m/nofp\libgcc.a(fixsfsi.o)
                0x0000000008008108                __aeabi_f2iz
 .text.__aeabi_ui2f
                0x0000000008008148       0x84 c:/users/bashi/.platformio/packages/toolchain-gccarmnoneeabi@1.100301.220327/bin/../lib/gcc/arm-none-eabi/10.3.1/thumb/v6-m/nofp\libgcc.a(floatunsisf.o)
                0x0000000008008148                __aeabi_ui2f
 .text.__aeabi_dadd
                0x00000000080081cc      0x678 c:/users/bashi/.platformio/packages/toolchain-gccarmnoneeabi@1.100301.220327/bin/../lib/gcc/arm-none-eabi/10.3.1/thumb/v6-m/nofp\libgcc.a(adddf3.o)
                0x00000000080081cc                __aeabi_dadd
 .text.__aeabi_ddiv
                0x0000000008008844      0x5ec c:/users/bashi/.platformio/packages/toolchain-gccarmnoneeabi@1.100301.220327/bin/../lib/gcc/arm-none-eabi/10.3.1/thumb/v6-m/nofp\libgcc.a(divdf3.o)
                0x0000000008008844                __aeabi_ddiv
 .text.__eqdf2  0x0000000008008e30       0x84 c:/users/bashi/.platformio/packages/toolchain-gccarmnoneeabi@1.100301.220327/bin/../lib/gcc/arm-none-eabi/10.3.1/thumb/v6-m/nofp\libgcc.a(eqdf2.o)
                0x0000000008008e30                __nedf2
                0x0000000008008e30                __eqdf2
 .text.__gedf2  0x0000000008008eb4       0xcc c:/users/bashi/.platformio/packages/toolchain-gccarmnoneeabi@1.100301.220327/bin/../lib/gcc/arm-none-eabi/10.3.1/thumb/v6-m/nofp\libgcc.a(gedf2.o)
                0x0000000008008eb4                __gedf2
                0x0000000008008eb4                __gtdf2
 .text.__ledf2  0x0000000008008f80       0xc8 c:/users/bashi/.platformio/packages/toolchain-gccarmnoneeabi@1.100301.220327/bin/../lib/gcc/arm-none-eabi/10.3.1/thumb/v6-m/nofp\libgcc.a(ledf2.o)
                0x0000000008008f80                __ledf2
                0x0000000008008f80                __ltdf2
 .text.__aeabi_dmul
                0x0000000008009048      0x4d8 c:/users/bashi/.platformio/packages/toolchain-gccarmnoneeabi@1.100301.220327/bin/../lib/gcc/arm-none-eabi/10.3.1/thumb/v6-m/nofp\libgcc.a(muldf3.o)
                0x0000000008009048                __aeabi_dmul
 .text.__aeabi_dsub
                0x0000000008009520      0x724 c:/users/bashi/.platformio/packages/toolchain-gccarmnoneeabi@1.100301.220327/bin/../lib/gcc/arm-none-eabi/10.3.1/thumb/v6-m/nofp\libgcc.a(subdf3.o)
                0x0000000008009520                __aeabi_dsub
 .text.__aeabi_dcmpun
                0x0000000008009c44       0x3c c:/users/bashi/.platformio/packages/toolchain-gccarmnoneeabi@1.100301.220327/bin/../lib/gcc/arm-none-eabi/10.3.1/thumb/v6-m/nofp\libgcc.a(unorddf2.o)
                0x0000000008009c44                __aeabi_dcmpun
 .text.__aeabi_d2iz
                0x0000000008009c80       0x6c c:/users/bashi/.platformio/packages/toolchain-gccarmnoneeabi@1.100301.220327/bin/../lib/gcc/arm-none-eabi/10.3.1/thumb/v6-m/nofp\libgcc.a(fixdfsi.o)
                0x0000000008009c80                __aeabi_d2iz
 .text.__aeabi_ui2d
                0x0000000008009cec       0x4c c:/users/bashi/.platformio/packages/toolchain-gccarmnoneeabi@1.100301.220327/bin/../lib/gcc/arm-none-eabi/10.3.1/thumb/v6-m/nofp\libgcc.a(floatunsidf.o)
                0x0000000008009cec                __aeabi_ui2d
 .text.__aeabi_f2d
                0x0000000008009d38       0x90 c:/users/bashi/.platformio/packages/toolchain-gccarmnoneeabi@1.100301.220327/bin/../lib/gcc/arm-none-eabi/10.3.1/thumb/v6-m/nofp\libgcc.a(extendsfdf2.o)
                0x0000000008009d38                __aeabi_f2d
 .text.unlikely._ZSt25__throw_bad_function_callv
                0x0000000008009dc8        0x6 c:/users/bashi/.platformio/packages/toolchain-gccarmnoneeabi@1.100301.220327/bin/../lib/gcc/arm-none-eabi/10.3.1/../../../../arm-none-eabi/lib/thumb/v6-m/nofp\libstdc++_nano.a(functional.o)
                0x0000000008009dc8                std::__throw_bad_function_call()
 *fill*         0x0000000008009dce        0x2 
 .text.roundf   0x0000000008009dd0       0x48 c:/users/bashi/.platformio/packages/toolchain-gccarmnoneeabi@1.100301.220327/bin/../lib/gcc/arm-none-eabi/10.3.1/../../../../arm-none-eabi/lib/thumb/v6-m/nofp\libm.a(lib_a-sf_round.o)
                0x0000000008009dd0                roundf
 .text.abort    0x0000000008009e18        0xe c:/users/bashi/.platformio/packages/toolchain-gccarmnoneeabi@1.100301.220327/bin/../lib/gcc/arm-none-eabi/10.3.1/../../../../arm-none-eabi/lib/thumb/v6-m/nofp\libc_nano.a(lib_a-abort.o)
                0x0000000008009e18                abort
 *fill*         0x0000000008009e26        0x2 
 .text.__libc_init_array
                0x0000000008009e28       0x48 c:/users/bashi/.platformio/packages/toolchain-gccarmnoneeabi@1.100301.220327/bin/../lib/gcc/arm-none-eabi/10.3.1/../../../../arm-none-eabi/lib/thumb/v6-m/nofp\libc_nano.a(lib_a-init.o)
                0x0000000008009e28                __libc_init_array
 .text.malloc   0x0000000008009e70       0x14 c:/users/bashi/.platformio/packages/toolchain-gccarmnoneeabi@1.100301.220327/bin/../lib/gcc/arm-none-eabi/10.3.1/../../../../arm-none-eabi/lib/thumb/v6-m/nofp\libc_nano.a(lib_a-malloc.o)
                0x0000000008009e70                malloc
 .text.free     0x0000000008009e84       0x14 c:/users/bashi/.platformio/packages/toolchain-gccarmnoneeabi@1.100301.220327/bin/../lib/gcc/arm-none-eabi/10.3.1/../../../../arm-none-eabi/lib/thumb/v6-m/nofp\libc_nano.a(lib_a-malloc.o)
                0x0000000008009e84                free
 .text.memcpy   0x0000000008009e98       0x12 c:/users/bashi/.platformio/packages/toolchain-gccarmnoneeabi@1.100301.220327/bin/../lib/gcc/arm-none-eabi/10.3.1/../../../../arm-none-eabi/lib/thumb/v6-m/nofp\libc_nano.a(lib_a-memcpy-stub.o)
                0x0000000008009e98                memcpy
 .text.memset   0x0000000008009eaa       0x10 c:/users/bashi/.platformio/packages/toolchain-gccarmnoneeabi@1.100301.220327/bin/../lib/gcc/arm-none-eabi/10.3.1/../../../../arm-none-eabi/lib/thumb/v6-m/nofp\libc_nano.a(lib_a-memset.o)
                0x0000000008009eaa                memset
 *fill*         0x0000000008009eba        0x2 
 .text._free_r  0x0000000008009ebc       0x94 c:/users/bashi/.platformio/packages/toolchain-gccarmnoneeabi@1.100301.220327/bin/../lib/gcc/arm-none-eabi/10.3.1/../../../../arm-none-eabi/lib/thumb/v6-m/nofp\libc_nano.a(lib_a-nano-freer.o)
                0x0000000008009ebc                _free_r
 .text.sbrk_aligned
                0x0000000008009f50       0x44 c:/users/bashi/.platformio/packages/toolchain-gccarmnoneeabi@1.100301.220327/bin/../lib/gcc/arm-none-eabi/10.3.1/../../../../arm-none-eabi/lib/thumb/v6-m/nofp\libc_nano.a(lib_a-nano-mallocr.o)
 .text._malloc_r
                0x0000000008009f94       0xec c:/users/bashi/.platformio/packages/toolchain-gccarmnoneeabi@1.100301.220327/bin/../lib/gcc/arm-none-eabi/10.3.1/../../../../arm-none-eabi/lib/thumb/v6-m/nofp\libc_nano.a(lib_a-nano-mallocr.o)
                0x0000000008009f94                _malloc_r
 .text._sbrk_r  0x000000000800a080       0x24 c:/users/bashi/.platformio/packages/toolchain-gccarmnoneeabi@1.100301.220327/bin/../lib/gcc/arm-none-eabi/10.3.1/../../../../arm-none-eabi/lib/thumb/v6-m/nofp\libc_nano.a(lib_a-sbrkr.o)
                0x000000000800a080                _sbrk_r
 .text._raise_r
                0x000000000800a0a4       0x54 c:/users/bashi/.platformio/packages/toolchain-gccarmnoneeabi@1.100301.220327/bin/../lib/gcc/arm-none-eabi/10.3.1/../../../../arm-none-eabi/lib/thumb/v6-m/nofp\libc_nano.a(lib_a-signal.o)
                0x000000000800a0a4                _raise_r
 .text.raise    0x000000000800a0f8       0x14 c:/users/bashi/.platformio/packages/toolchain-gccarmnoneeabi@1.100301.220327/bin/../lib/gcc/arm-none-eabi/10.3.1/../../../../arm-none-eabi/lib/thumb/v6-m/nofp\libc_nano.a(lib_a-signal.o)
                0x000000000800a0f8                raise
 .text._kill_r  0x000000000800a10c       0x24 c:/users/bashi/.platformio/packages/toolchain-gccarmnoneeabi@1.100301.220327/bin/../lib/gcc/arm-none-eabi/10.3.1/../../../../arm-none-eabi/lib/thumb/v6-m/nofp\libc_nano.a(lib_a-signalr.o)
                0x000000000800a10c                _kill_r
 .text._getpid_r
                0x000000000800a130        0x8 c:/users/bashi/.platformio/packages/toolchain-gccarmnoneeabi@1.100301.220327/bin/../lib/gcc/arm-none-eabi/10.3.1/../../../../arm-none-eabi/lib/thumb/v6-m/nofp\libc_nano.a(lib_a-signalr.o)
                0x000000000800a130                _getpid_r
 .text.__retarget_lock_acquire_recursive
                0x000000000800a138        0x2 c:/users/bashi/.platformio/packages/toolchain-gccarmnoneeabi@1.100301.220327/bin/../lib/gcc/arm-none-eabi/10.3.1/../../../../arm-none-eabi/lib/thumb/v6-m/nofp\libc_nano.a(lib_a-lock.o)
                0x000000000800a138                __retarget_lock_acquire_recursive
 .text.__retarget_lock_release_recursive
                0x000000000800a13a        0x2 c:/users/bashi/.platformio/packages/toolchain-gccarmnoneeabi@1.100301.220327/bin/../lib/gcc/arm-none-eabi/10.3.1/../../../../arm-none-eabi/lib/thumb/v6-m/nofp\libc_nano.a(lib_a-lock.o)
                0x000000000800a13a                __retarget_lock_release_recursive
 .text.__malloc_lock
                0x000000000800a13c       0x10 c:/users/bashi/.platformio/packages/toolchain-gccarmnoneeabi@1.100301.220327/bin/../lib/gcc/arm-none-eabi/10.3.1/../../../../arm-none-eabi/lib/thumb/v6-m/nofp\libc_nano.a(lib_a-mlock.o)
                0x000000000800a13c                __malloc_lock
 .text.__malloc_unlock
                0x000000000800a14c       0x10 c:/users/bashi/.platformio/packages/toolchain-gccarmnoneeabi@1.100301.220327/bin/../lib/gcc/arm-none-eabi/10.3.1/../../../../arm-none-eabi/lib/thumb/v6-m/nofp\libc_nano.a(lib_a-mlock.o)
                0x000000000800a14c                __malloc_unlock
 *(.glue_7)
 .glue_7        0x000000000800a15c        0x0 linker stubs
 *(.glue_7t)
 .glue_7t       0x000000000800a15c        0x0 linker stubs
 *(.eh_frame)
 .eh_frame      0x000000000800a15c        0x0 c:/users/bashi/.platformio/packages/toolchain-gccarmnoneeabi@1.100301.220327/bin/../lib/gcc/arm-none-eabi/10.3.1/thumb/v6-m/nofp/crtbegin.o
 *(.init)
 .init          0x000000000800a15c        0x4 c:/users/bashi/.platformio/packages/toolchain-gccarmnoneeabi@1.100301.220327/bin/../lib/gcc/arm-none-eabi/10.3.1/thumb/v6-m/nofp/crti.o
                0x000000000800a15c                _init
 .init          0x000000000800a160        0x8 c:/users/bashi/.platformio/packages/toolchain-gccarmnoneeabi@1.100301.220327/bin/../lib/gcc/arm-none-eabi/10.3.1/thumb/v6-m/nofp/crtn.o
 *(.fini)
 .fini          0x000000000800a168        0x4 c:/users/bashi/.platformio/packages/toolchain-gccarmnoneeabi@1.100301.220327/bin/../lib/gcc/arm-none-eabi/10.3.1/thumb/v6-m/nofp/crti.o
                0x000000000800a168                _fini
 .fini          0x000000000800a16c        0x8 c:/users/bashi/.platformio/packages/toolchain-gccarmnoneeabi@1.100301.220327/bin/../lib/gcc/arm-none-eabi/10.3.1/thumb/v6-m/nofp/crtn.o
                0x000000000800a174                . = ALIGN (0x4)
                0x000000000800a174                _etext = .

.vfp11_veneer   0x000000000800a174        0x0
 .vfp11_veneer  0x000000000800a174        0x0 linker stubs

.v4_bx          0x000000000800a174        0x0
 .v4_bx         0x000000000800a174        0x0 linker stubs

.iplt           0x000000000800a174        0x0
 .iplt          0x000000000800a174        0x0 c:/users/bashi/.platformio/packages/toolchain-gccarmnoneeabi@1.100301.220327/bin/../lib/gcc/arm-none-eabi/10.3.1/thumb/v6-m/nofp/crtbegin.o

.rodata         0x000000000800a174      0x8d4
                0x000000000800a174                . = ALIGN (0x4)
 *(.rodata)
 *(.rodata*)
 .rodata.PinMap_ADC
                0x000000000800a174       0xcc .pio/build/generic_f072rb/FrameworkArduinoVariant/PeripheralPins.c.o
                0x000000000800a174                PinMap_ADC
 .rodata.PinMap_DAC
                0x000000000800a240       0x24 .pio/build/generic_f072rb/FrameworkArduinoVariant/PeripheralPins.c.o
                0x000000000800a240                PinMap_DAC
 .rodata.PinMap_TIM
                0x000000000800a264      0x21c .pio/build/generic_f072rb/FrameworkArduinoVariant/PeripheralPins.c.o
                0x000000000800a264                PinMap_TIM
 .rodata.PinMap_UART_RX
                0x000000000800a480       0x78 .pio/build/generic_f072rb/FrameworkArduinoVariant/PeripheralPins.c.o
                0x000000000800a480                PinMap_UART_RX
 .rodata.PinMap_UART_TX
                0x000000000800a4f8       0x78 .pio/build/generic_f072rb/FrameworkArduinoVariant/PeripheralPins.c.o
                0x000000000800a4f8                PinMap_UART_TX
 .rodata.PinMap_USB
                0x000000000800a570       0x30 .pio/build/generic_f072rb/FrameworkArduinoVariant/PeripheralPins.c.o
                0x000000000800a570                PinMap_USB
 .rodata.analogInputPin
                0x000000000800a5a0       0x40 .pio/build/generic_f072rb/FrameworkArduinoVariant/variant_generic.cpp.o
                0x000000000800a5a0                analogInputPin
 .rodata.digitalPin
                0x000000000800a5e0       0xcc .pio/build/generic_f072rb/FrameworkArduinoVariant/variant_generic.cpp.o
                0x000000000800a5e0                digitalPin
 .rodata.aPLLMULFactorTable.1
                0x000000000800a6ac       0x10 .pio/build/generic_f072rb/SrcWrapper/src/HAL/stm32yyxx_hal_rcc.c.o
 .rodata.aPredivFactorTable.0
                0x000000000800a6bc       0x10 .pio/build/generic_f072rb/SrcWrapper/src/HAL/stm32yyxx_hal_rcc.c.o
 .rodata.pin_map_ll
                0x000000000800a6cc       0x40 .pio/build/generic_f072rb/SrcWrapper/src/stm32/pinmap.c.o
                0x000000000800a6cc                pin_map_ll
 .rodata.AHBPrescTable
                0x000000000800a70c       0x10 .pio/build/generic_f072rb/SrcWrapper/src/stm32/system_stm32yyxx.c.o
                0x000000000800a70c                AHBPrescTable
 .rodata.loop.str1.1
                0x000000000800a71c       0x57 .pio/build/generic_f072rb/src/main.cpp.o
 .rodata._ZN5Print7printlnEv.str1.1
                0x000000000800a773        0x3 .pio/build/generic_f072rb/libFrameworkArduino.a(Print.cpp.o)
 .rodata._ZN5Print10printFloatEdh.str1.1
                0x000000000800a776        0xc .pio/build/generic_f072rb/libFrameworkArduino.a(Print.cpp.o)
 *fill*         0x000000000800a782        0x2 
 .rodata._ZTV9USBSerial
                0x000000000800a784       0x2c .pio/build/generic_f072rb/libFrameworkArduino.a(USBSerial.cpp.o)
                0x000000000800a784                vtable for USBSerial
 .rodata.USBD_ManufacturerStrDescriptor.str1.1
                0x000000000800a7b0       0x13 .pio/build/generic_f072rb/libFrameworkArduino.a(usbd_desc.c.o)
 .rodata.USBD_Class_ProductStrDescriptor.str1.1
                0x000000000800a7c3       0x40 .pio/build/generic_f072rb/libFrameworkArduino.a(usbd_desc.c.o)
 .rodata.USBD_Class_ConfigStrDescriptor.str1.1
                0x000000000800a803       0x1c .pio/build/generic_f072rb/libFrameworkArduino.a(usbd_desc.c.o)
 .rodata.USBD_Class_InterfaceStrDescriptor.str1.1
                0x000000000800a81f       0x1f .pio/build/generic_f072rb/libFrameworkArduino.a(usbd_desc.c.o)
 *fill*         0x000000000800a83e        0x2 
 .rodata.ep_def
                0x000000000800a840       0x3c .pio/build/generic_f072rb/libFrameworkArduino.a(usbd_ep_conf.c.o)
                0x000000000800a840                ep_def
 .rodata._ZTV14HardwareSerial
                0x000000000800a87c       0x2c .pio/build/generic_f072rb/libFrameworkArduino.a(HardwareSerial.cpp.o)